Using pre-set license
Built from '2022.3/release' branch; Version is '2022.3.18f1 (d29bea25151d) revision 13802474'; Using compiler version '192829333'; Build Type 'Release'
OS: 'Windows 11  (10.0.22631) 64bit Core' Language: 'en' Physical Memory: 32682 MB
BatchMode: 1, IsHumanControllingUs: 0, StartBugReporterOnCrash: 0, Is64bit: 1, IsPro: 1

COMMAND LINE ARGUMENTS:
C:\Program Files\Unity\Hub\Editor\2022.3.18f1\Editor\Unity.exe
-adb2
-batchMode
-noUpm
-name
AssetImportWorker26
-projectPath
C:/Users/Rose/OneDrive/Desktop/Coding/GitHub/CS465_OrdwayR/RosysWizards465
-logFile
Logs/AssetImportWorker26.log
-srvPort
55627
Successfully changed project path to: C:/Users/Rose/OneDrive/Desktop/Coding/GitHub/CS465_OrdwayR/RosysWizards465
C:/Users/Rose/OneDrive/Desktop/Coding/GitHub/CS465_OrdwayR/RosysWizards465
[UnityMemory] Configuration Parameters - Can be set up in boot.config
    "memorysetup-bucket-allocator-granularity=16"
    "memorysetup-bucket-allocator-bucket-count=8"
    "memorysetup-bucket-allocator-block-size=33554432"
    "memorysetup-bucket-allocator-block-count=8"
    "memorysetup-main-allocator-block-size=16777216"
    "memorysetup-thread-allocator-block-size=16777216"
    "memorysetup-gfx-main-allocator-block-size=16777216"
    "memorysetup-gfx-thread-allocator-block-size=16777216"
    "memorysetup-cache-allocator-block-size=4194304"
    "memorysetup-typetree-allocator-block-size=2097152"
    "memorysetup-profiler-bucket-allocator-granularity=16"
    "memorysetup-profiler-bucket-allocator-bucket-count=8"
    "memorysetup-profiler-bucket-allocator-block-size=33554432"
    "memorysetup-profiler-bucket-allocator-block-count=8"
    "memorysetup-profiler-allocator-block-size=16777216"
    "memorysetup-profiler-editor-allocator-block-size=1048576"
    "memorysetup-temp-allocator-size-main=16777216"
    "memorysetup-job-temp-allocator-block-size=2097152"
    "memorysetup-job-temp-allocator-block-size-background=1048576"
    "memorysetup-job-temp-allocator-reduction-small-platforms=262144"
    "memorysetup-allocator-temp-initial-block-size-main=262144"
    "memorysetup-allocator-temp-initial-block-size-worker=262144"
    "memorysetup-temp-allocator-size-background-worker=32768"
    "memorysetup-temp-allocator-size-job-worker=262144"
    "memorysetup-temp-allocator-size-preload-manager=33554432"
    "memorysetup-temp-allocator-size-nav-mesh-worker=65536"
    "memorysetup-temp-allocator-size-audio-worker=65536"
    "memorysetup-temp-allocator-size-cloud-worker=32768"
    "memorysetup-temp-allocator-size-gi-baking-worker=262144"
    "memorysetup-temp-allocator-size-gfx=262144"
Player connection [37680] Host "[IP] 10.0.0.179 [Port] 0 [Flags] 2 [Guid] 3545279123 [EditorId] 3545279123 [Version] 1048832 [Id] WindowsEditor(7,Rosy) [Debug] 1 [PackageName] WindowsEditor [ProjectName] Editor" joined multi-casting on [225.0.0.222:54997]...

Player connection [37680] Host "[IP] 10.0.0.179 [Port] 0 [Flags] 2 [Guid] 3545279123 [EditorId] 3545279123 [Version] 1048832 [Id] WindowsEditor(7,Rosy) [Debug] 1 [PackageName] WindowsEditor [ProjectName] Editor" joined alternative multi-casting on [225.0.0.222:34997]...

[Physics::Module] Initialized MultithreadedJobDispatcher with 15 workers.
Refreshing native plugins compatible for Editor in 52.71 ms, found 13 plugins.
Preloading 0 native plugins for Editor in 0.00 ms.
Initialize engine version: 2022.3.18f1 (d29bea25151d)
[Subsystems] Discovering subsystems at path C:/Program Files/Unity/Hub/Editor/2022.3.18f1/Editor/Data/Resources/UnitySubsystems
[Subsystems] Discovering subsystems at path C:/Users/Rose/OneDrive/Desktop/Coding/GitHub/CS465_OrdwayR/RosysWizards465/Assets
GfxDevice: creating device client; threaded=0; jobified=0
Direct3D:
    Version:  Direct3D 11.0 [level 11.1]
    Renderer: NVIDIA GeForce RTX 3080 Ti (ID=0x2208)
    Vendor:   NVIDIA
    VRAM:     12086 MB
    Driver:   32.0.15.6636
Shader 'Oculus/OVRMRCameraFrameLit': fallback shader 'Alpha-Diffuse' not found
Initialize mono
Mono path[0] = 'C:/Program Files/Unity/Hub/Editor/2022.3.18f1/Editor/Data/Managed'
Mono path[1] = 'C:/Program Files/Unity/Hub/Editor/2022.3.18f1/Editor/Data/MonoBleedingEdge/lib/mono/unityjit-win32'
Mono config path = 'C:/Program Files/Unity/Hub/Editor/2022.3.18f1/Editor/Data/MonoBleedingEdge/etc'
Using monoOptions --debugger-agent=transport=dt_socket,embedding=1,server=y,suspend=n,address=127.0.0.1:56040
Begin MonoManager ReloadAssembly
Registering precompiled unity dll's ...
Register platform support module: C:/Program Files/Unity/Hub/Editor/2022.3.18f1/Editor/Data/PlaybackEngines/WebGLSupport/UnityEditor.WebGL.Extensions.dll
Register platform support module: C:/Program Files/Unity/Hub/Editor/2022.3.18f1/Editor/Data/PlaybackEngines/AndroidPlayer/UnityEditor.Android.Extensions.dll
Register platform support module: C:/Program Files/Unity/Hub/Editor/2022.3.18f1/Editor/Data/PlaybackEngines/WindowsStandaloneSupport/UnityEditor.WindowsStandalone.Extensions.dll
Registered in 0.011109 seconds.
- Loaded All Assemblies, in  0.282 seconds
Native extension for WindowsStandalone target not found
Native extension for Android target not found
Android Extension - Scanning For ADB Devices 199 ms
Native extension for WebGL target not found
Mono: successfully reloaded assembly
- Finished resetting the current domain, in  0.461 seconds
Domain Reload Profiling: 742ms
	BeginReloadAssembly (86ms)
		ExecutionOrderSort (0ms)
		DisableScriptedObjects (0ms)
		BackupInstance (0ms)
		ReleaseScriptingObjects (0ms)
		CreateAndSetChildDomain (0ms)
	RebuildCommonClasses (26ms)
	RebuildNativeTypeToScriptingClass (8ms)
	initialDomainReloadingComplete (52ms)
	LoadAllAssembliesAndSetupDomain (108ms)
		LoadAssemblies (84ms)
		RebuildTransferFunctionScriptingTraits (0ms)
		AnalyzeDomain (106ms)
			TypeCache.Refresh (105ms)
				TypeCache.ScanAssembly (96ms)
			ScanForSourceGeneratedMonoScriptInfo (0ms)
			ResolveRequiredComponents (0ms)
	FinalizeReload (462ms)
		ReleaseScriptCaches (0ms)
		RebuildScriptCaches (0ms)
		SetupLoadedEditorAssemblies (420ms)
			LogAssemblyErrors (0ms)
			InitializePlatformSupportModulesInManaged (293ms)
			SetLoadedEditorAssemblies (4ms)
			RefreshPlugins (0ms)
			BeforeProcessingInitializeOnLoad (2ms)
			ProcessInitializeOnLoadAttributes (88ms)
			ProcessInitializeOnLoadMethodAttributes (34ms)
			AfterProcessingInitializeOnLoad (0ms)
			EditorAssembliesLoaded (0ms)
		ExecutionOrderSort2 (0ms)
		AwakeInstancesAfterBackupRestoration (0ms)
========================================================================
Worker process is ready to serve import requests
Begin MonoManager ReloadAssembly
Symbol file LoadedFromMemory is not a mono symbol file
- Loaded All Assemblies, in  0.754 seconds
Refreshing native plugins compatible for Editor in 37.48 ms, found 13 plugins.
Native extension for WindowsStandalone target not found
Native extension for Android target not found
Native extension for WebGL target not found
Package Manager log level set to [2]
[Package Manager] Server::EnsureServerProcessIsRunning -- launch failed, reason: Unity was launched with the -noUpm command-line argument
[Package Manager] UpmClient::Send -- Unable to send message (not connected to UPM process).
[Package Manager] Cannot connect to Unity Package Manager local server
[Package Manager] Server::EnsureServerProcessIsRunning -- launch failed, reason: Unity was launched with the -noUpm command-line argument
[Package Manager] UpmClient::Send -- Unable to send message (not connected to UPM process).
[Package Manager] Cannot connect to Unity Package Manager local server
[Package Manager] Server::EnsureServerProcessIsRunning -- launch failed, reason: Unity was launched with the -noUpm command-line argument
[Package Manager] UpmClient::Send -- Unable to send message (not connected to UPM process).
[Package Manager] Cannot connect to Unity Package Manager local server
System.Reflection.TargetInvocationException: Exception has been thrown by the target of an invocation. ---> System.TypeInitializationException: The type initializer for 'UnityEditor.XR.Interaction.Toolkit.Samples.Hands.Editor.HandsSampleProjectValidation' threw an exception. ---> System.NullReferenceException: Object reference not set to an instance of an object
  at Unity.XR.CoreUtils.Editor.PackageVersionUtility.UpdatePackageVersions () [0x00034] in .\Library\PackageCache\com.unity.xr.core-utils@2.2.3\Editor\ProjectValidation\PackageVersionUtility.cs:46 
  at Unity.XR.CoreUtils.Editor.PackageVersionUtility.GetPackageVersion (System.String packageName) [0x00011] in .\Library\PackageCache\com.unity.xr.core-utils@2.2.3\Editor\ProjectValidation\PackageVersionUtility.cs:67 
  at UnityEditor.XR.Interaction.Toolkit.Samples.Hands.Editor.HandsSampleProjectValidation..cctor () [0x00041] in C:\Users\Rose\OneDrive\Desktop\Coding\GitHub\CS465_OrdwayR\RosysWizards465\Assets\Samples\XR Interaction Toolkit\3.0.7\Hands Interaction Demo\Editor\Scripts\HandsSampleProjectValidation.cs:34 
   --- End of inner exception stack trace ---
  at (wrapper managed-to-native) System.Object.__icall_wrapper_mono_gc_wbarrier_generic_nostore_internal(intptr)
  at (wrapper write-barrier) System.Object.wbarrier_conc(intptr)
  at (wrapper managed-to-native) System.Reflection.RuntimeMethodInfo.InternalInvoke(System.Reflection.RuntimeMethodInfo,object,object[],System.Exception&)
  at System.Reflection.RuntimeMethodInfo.Invoke (System.Object obj, System.Reflection.BindingFlags invokeAttr, System.Reflection.Binder binder, System.Object[] parameters, System.Globalization.CultureInfo culture) [0x0006a] in <bfbc89a04b6b4dd49c3614d03fc31ce8>:0 
   --- End of inner exception stack trace ---
  at System.Reflection.RuntimeMethodInfo.Invoke (System.Object obj, System.Reflection.BindingFlags invokeAttr, System.Reflection.Binder binder, System.Object[] parameters, System.Globalization.CultureInfo culture) [0x00083] in <bfbc89a04b6b4dd49c3614d03fc31ce8>:0 
  at System.Reflection.MethodBase.Invoke (System.Object obj, System.Object[] parameters) [0x00000] in <bfbc89a04b6b4dd49c3614d03fc31ce8>:0 
  at UnityEditor.EditorAssemblies.ProcessInitializeOnLoadMethodAttributes () [0x000a5] in <8e887700cd7e4674989da7b046e8eaa6>:0 
UnityEngine.StackTraceUtility:ExtractStackTrace ()
UnityEngine.DebugLogHandler:LogFormat (UnityEngine.LogType,UnityEngine.Object,string,object[])
UnityEngine.Logger:Log (UnityEngine.LogType,object)
UnityEngine.Debug:LogError (object)
UnityEditor.EditorAssemblies:ProcessInitializeOnLoadMethodAttributes ()

Mono: successfully reloaded assembly
[Package Manager] Server::EnsureServerProcessIsRunning -- launch failed, reason: Unity was launched with the -noUpm command-line argument
[Package Manager] UpmClient::Send -- Unable to send message (not connected to UPM process).
[Package Manager] Cannot connect to Unity Package Manager local server
[Package Manager] Server::EnsureServerProcessIsRunning -- launch failed, reason: Unity was launched with the -noUpm command-line argument
[Package Manager] UpmClient::Send -- Unable to send message (not connected to UPM process).
[Package Manager] Cannot connect to Unity Package Manager local server
- Finished resetting the current domain, in  1.259 seconds
Domain Reload Profiling: 2006ms
	BeginReloadAssembly (116ms)
		ExecutionOrderSort (0ms)
		DisableScriptedObjects (5ms)
		BackupInstance (0ms)
		ReleaseScriptingObjects (0ms)
		CreateAndSetChildDomain (17ms)
	RebuildCommonClasses (26ms)
	RebuildNativeTypeToScriptingClass (8ms)
	initialDomainReloadingComplete (37ms)
	LoadAllAssembliesAndSetupDomain (560ms)
		LoadAssemblies (344ms)
		RebuildTransferFunctionScriptingTraits (0ms)
		AnalyzeDomain (283ms)
			TypeCache.Refresh (222ms)
				TypeCache.ScanAssembly (203ms)
			ScanForSourceGeneratedMonoScriptInfo (40ms)
			ResolveRequiredComponents (18ms)
	FinalizeReload (1260ms)
		ReleaseScriptCaches (0ms)
		RebuildScriptCaches (0ms)
		SetupLoadedEditorAssemblies (1060ms)
			LogAssemblyErrors (0ms)
			InitializePlatformSupportModulesInManaged (31ms)
			SetLoadedEditorAssemblies (5ms)
			RefreshPlugins (0ms)
			BeforeProcessingInitializeOnLoad (130ms)
			ProcessInitializeOnLoadAttributes (806ms)
			ProcessInitializeOnLoadMethodAttributes (80ms)
			AfterProcessingInitializeOnLoad (7ms)
			EditorAssembliesLoaded (0ms)
		ExecutionOrderSort2 (0ms)
		AwakeInstancesAfterBackupRestoration (6ms)
Shader 'Oculus/OVRMRCameraFrameLit': fallback shader 'Alpha-Diffuse' not found
Launched and connected shader compiler UnityShaderCompiler.exe after 0.04 seconds
Refreshing native plugins compatible for Editor in 49.22 ms, found 13 plugins.
Preloading 0 native plugins for Editor in 0.00 ms.
Unloading 10256 Unused Serialized files (Serialized files now loaded: 0)
Unloading 322 unused Assets / (16.0 MB). Loaded Objects now: 10596.
Memory consumption went from 450.7 MB to 434.7 MB.
Total: 10.347400 ms (FindLiveObjects: 0.909800 ms CreateObjectMapping: 0.471300 ms MarkObjects: 5.555700 ms  DeleteObjects: 3.410000 ms)

AssetImportParameters requested are different than current active one (requested -> active):
  custom:container-demuxer-ogg: 62fdf1f143b41e24485cea50d1cbac27 -> 
  custom:framework-win-MediaFoundation: 216162199b28c13a410421893ffa2e32 -> 
  custom:container-muxer-webm: aa71ff27fc2769a1b78a27578f13a17b -> 
  custom:video-decoder-webm-vp8: 9c59270c3fd7afecdb556c50c9e8de78 -> 
  custom:SearchIndexIgnoredProperties: e643bd26f0fe6173181afceb89e7c659 -> 
  custom:AudioImporter_EditorPlatform: d09bf68614088b80899f8185d706f6e7 -> 
  custom:audio-decoder-ogg-vorbis: bf7c407c2cedff20999df2af8eb42d56 -> 
  custom:audio-encoder-webm-vorbis: bf7c407c2cedff20999df2af8eb42d56 -> 
  custom:video-codec-MediaFoundation-h265: 746d11721c4dcdbdad8f713fa42b33f4 -> 
  custom:video-decoder-ogg-theora: a1e56fd34408186e4bbccfd4996cb3dc -> 
  custom:CustomObjectIndexerAttribute: 62b5816608c3102f162a1797e29626cf -> 
  custom:container-demuxer-webm: 4f35f7cbe854078d1ac9338744f61a02 -> 
  custom:video-encoder-webm-vp8: eb34c28f22e8b96e1ab97ce403110664 -> 
========================================================================
Received Prepare
Begin MonoManager ReloadAssembly
Symbol file LoadedFromMemory is not a mono symbol file
- Loaded All Assemblies, in  0.598 seconds
Refreshing native plugins compatible for Editor in 46.26 ms, found 13 plugins.
Native extension for WindowsStandalone target not found
Native extension for Android target not found
Native extension for WebGL target not found
[Package Manager] Server::EnsureServerProcessIsRunning -- launch failed, reason: Unity was launched with the -noUpm command-line argument
[Package Manager] UpmClient::Send -- Unable to send message (not connected to UPM process).
[Package Manager] Cannot connect to Unity Package Manager local server
[Package Manager] Server::EnsureServerProcessIsRunning -- launch failed, reason: Unity was launched with the -noUpm command-line argument
[Package Manager] UpmClient::Send -- Unable to send message (not connected to UPM process).
[Package Manager] Cannot connect to Unity Package Manager local server
[Package Manager] Server::EnsureServerProcessIsRunning -- launch failed, reason: Unity was launched with the -noUpm command-line argument
[Package Manager] UpmClient::Send -- Unable to send message (not connected to UPM process).
[Package Manager] Cannot connect to Unity Package Manager local server
System.Reflection.TargetInvocationException: Exception has been thrown by the target of an invocation. ---> System.TypeInitializationException: The type initializer for 'UnityEditor.XR.Interaction.Toolkit.Samples.Hands.Editor.HandsSampleProjectValidation' threw an exception. ---> System.NullReferenceException: Object reference not set to an instance of an object
  at Unity.XR.CoreUtils.Editor.PackageVersionUtility.UpdatePackageVersions () [0x00034] in .\Library\PackageCache\com.unity.xr.core-utils@2.2.3\Editor\ProjectValidation\PackageVersionUtility.cs:46 
  at Unity.XR.CoreUtils.Editor.PackageVersionUtility.GetPackageVersion (System.String packageName) [0x00011] in .\Library\PackageCache\com.unity.xr.core-utils@2.2.3\Editor\ProjectValidation\PackageVersionUtility.cs:67 
  at UnityEditor.XR.Interaction.Toolkit.Samples.Hands.Editor.HandsSampleProjectValidation..cctor () [0x00041] in C:\Users\Rose\OneDrive\Desktop\Coding\GitHub\CS465_OrdwayR\RosysWizards465\Assets\Samples\XR Interaction Toolkit\3.0.7\Hands Interaction Demo\Editor\Scripts\HandsSampleProjectValidation.cs:34 
   --- End of inner exception stack trace ---
  at (wrapper managed-to-native) System.Object.__icall_wrapper_mono_gc_wbarrier_generic_nostore_internal(intptr)
  at (wrapper write-barrier) System.Object.wbarrier_conc(intptr)
  at (wrapper managed-to-native) System.Reflection.RuntimeMethodInfo.InternalInvoke(System.Reflection.RuntimeMethodInfo,object,object[],System.Exception&)
  at System.Reflection.RuntimeMethodInfo.Invoke (System.Object obj, System.Reflection.BindingFlags invokeAttr, System.Reflection.Binder binder, System.Object[] parameters, System.Globalization.CultureInfo culture) [0x0006a] in <bfbc89a04b6b4dd49c3614d03fc31ce8>:0 
   --- End of inner exception stack trace ---
  at System.Reflection.RuntimeMethodInfo.Invoke (System.Object obj, System.Reflection.BindingFlags invokeAttr, System.Reflection.Binder binder, System.Object[] parameters, System.Globalization.CultureInfo culture) [0x00083] in <bfbc89a04b6b4dd49c3614d03fc31ce8>:0 
  at System.Reflection.MethodBase.Invoke (System.Object obj, System.Object[] parameters) [0x00000] in <bfbc89a04b6b4dd49c3614d03fc31ce8>:0 
  at UnityEditor.EditorAssemblies.ProcessInitializeOnLoadMethodAttributes () [0x000a5] in <8e887700cd7e4674989da7b046e8eaa6>:0 
UnityEngine.StackTraceUtility:ExtractStackTrace ()
UnityEngine.DebugLogHandler:LogFormat (UnityEngine.LogType,UnityEngine.Object,string,object[])
UnityEngine.Logger:Log (UnityEngine.LogType,object)
UnityEngine.Debug:LogError (object)
UnityEditor.EditorAssemblies:ProcessInitializeOnLoadMethodAttributes ()

Mono: successfully reloaded assembly
[Package Manager] Server::EnsureServerProcessIsRunning -- launch failed, reason: Unity was launched with the -noUpm command-line argument
[Package Manager] UpmClient::Send -- Unable to send message (not connected to UPM process).
[Package Manager] Cannot connect to Unity Package Manager local server
- Finished resetting the current domain, in  2.421 seconds
Domain Reload Profiling: 3010ms
	BeginReloadAssembly (171ms)
		ExecutionOrderSort (0ms)
		DisableScriptedObjects (4ms)
		BackupInstance (0ms)
		ReleaseScriptingObjects (0ms)
		CreateAndSetChildDomain (52ms)
	RebuildCommonClasses (27ms)
	RebuildNativeTypeToScriptingClass (12ms)
	initialDomainReloadingComplete (31ms)
	LoadAllAssembliesAndSetupDomain (348ms)
		LoadAssemblies (386ms)
		RebuildTransferFunctionScriptingTraits (0ms)
		AnalyzeDomain (34ms)
			TypeCache.Refresh (7ms)
				TypeCache.ScanAssembly (0ms)
			ScanForSourceGeneratedMonoScriptInfo (0ms)
			ResolveRequiredComponents (26ms)
	FinalizeReload (2421ms)
		ReleaseScriptCaches (0ms)
		RebuildScriptCaches (0ms)
		SetupLoadedEditorAssemblies (927ms)
			LogAssemblyErrors (0ms)
			InitializePlatformSupportModulesInManaged (22ms)
			SetLoadedEditorAssemblies (3ms)
			RefreshPlugins (0ms)
			BeforeProcessingInitializeOnLoad (128ms)
			ProcessInitializeOnLoadAttributes (688ms)
			ProcessInitializeOnLoadMethodAttributes (78ms)
			AfterProcessingInitializeOnLoad (7ms)
			EditorAssembliesLoaded (0ms)
		ExecutionOrderSort2 (0ms)
		AwakeInstancesAfterBackupRestoration (14ms)
Shader 'Oculus/OVRMRCameraFrameLit': fallback shader 'Alpha-Diffuse' not found
Refreshing native plugins compatible for Editor in 49.39 ms, found 13 plugins.
Preloading 0 native plugins for Editor in 0.00 ms.
Unloading 9859 Unused Serialized files (Serialized files now loaded: 0)
Unloading 261 unused Assets / (15.5 MB). Loaded Objects now: 10601.
Memory consumption went from 368.8 MB to 353.3 MB.
Total: 11.905900 ms (FindLiveObjects: 0.706900 ms CreateObjectMapping: 0.515700 ms MarkObjects: 6.036500 ms  DeleteObjects: 4.645700 ms)

Prepare: number of updated asset objects reloaded= 0
AssetImportParameters requested are different than current active one (requested -> active):
  custom:container-demuxer-ogg: 62fdf1f143b41e24485cea50d1cbac27 -> 
  custom:framework-win-MediaFoundation: 216162199b28c13a410421893ffa2e32 -> 
  custom:container-muxer-webm: aa71ff27fc2769a1b78a27578f13a17b -> 
  custom:video-decoder-webm-vp8: 9c59270c3fd7afecdb556c50c9e8de78 -> 
  custom:SearchIndexIgnoredProperties: e643bd26f0fe6173181afceb89e7c659 -> 
  custom:AudioImporter_EditorPlatform: d09bf68614088b80899f8185d706f6e7 -> 
  custom:audio-decoder-ogg-vorbis: bf7c407c2cedff20999df2af8eb42d56 -> 
  custom:audio-encoder-webm-vorbis: bf7c407c2cedff20999df2af8eb42d56 -> 
  custom:video-codec-MediaFoundation-h265: 746d11721c4dcdbdad8f713fa42b33f4 -> 
  custom:video-decoder-ogg-theora: a1e56fd34408186e4bbccfd4996cb3dc -> 
  custom:CustomObjectIndexerAttribute: 62b5816608c3102f162a1797e29626cf -> 
  custom:container-demuxer-webm: 4f35f7cbe854078d1ac9338744f61a02 -> 
  custom:video-encoder-webm-vp8: eb34c28f22e8b96e1ab97ce403110664 -> 
========================================================================
Received Import Request.
  Time since last request: 44854.513081 seconds.
  path: Assets/DuoDraconis Dungeon Set - Wizard Laboratory/Material/DS_WizLab_Arch_Floor.mat
  artifactKey: Guid(eaf4aacaf3aee3043824a2e0013dadb5) Importer(815301076,1909f56bfc062723c751e8b465ee728b)
Start importing Assets/DuoDraconis Dungeon Set - Wizard Laboratory/Material/DS_WizLab_Arch_Floor.mat using Guid(eaf4aacaf3aee3043824a2e0013dadb5) Importer(815301076,1909f56bfc062723c751e8b465ee728b)  -> (artifact id: '5d341b8c3517db8e0aa21cd48d6b1c2d') in 0.502416 seconds
Number of updated asset objects reloaded before import = 0
Number of asset objects unloaded after import = 276
========================================================================
Received Import Request.
  Time since last request: 0.000014 seconds.
  path: Assets/DuoDraconis Dungeon Set - Wizard Laboratory/Material/DS_WizLab_Furn_Chimney.mat
  artifactKey: Guid(bbc3abcd0ea0a3e4b8ca287ae4f994c8) Importer(815301076,1909f56bfc062723c751e8b465ee728b)
Start importing Assets/DuoDraconis Dungeon Set - Wizard Laboratory/Material/DS_WizLab_Furn_Chimney.mat using Guid(bbc3abcd0ea0a3e4b8ca287ae4f994c8) Importer(815301076,1909f56bfc062723c751e8b465ee728b)  -> (artifact id: '8c3f6616953cbaee734a7cf4c099c2f7') in 0.036250 seconds
Number of updated asset objects reloaded before import = 0
Number of asset objects unloaded after import = 7
========================================================================
Received Import Request.
  Time since last request: 0.000022 seconds.
  path: Assets/DuoDraconis Dungeon Set - Wizard Laboratory/Material/DS_WizLab_Arch_FloorI.mat
  artifactKey: Guid(c1917e31087b1f641bad23ec12f70d3f) Importer(815301076,1909f56bfc062723c751e8b465ee728b)
Start importing Assets/DuoDraconis Dungeon Set - Wizard Laboratory/Material/DS_WizLab_Arch_FloorI.mat using Guid(c1917e31087b1f641bad23ec12f70d3f) Importer(815301076,1909f56bfc062723c751e8b465ee728b)  -> (artifact id: '6032809413e8c1130f399c5955c56b61') in 0.014607 seconds
Number of updated asset objects reloaded before import = 0
Number of asset objects unloaded after import = 7
========================================================================
Received Import Request.
  Time since last request: 0.000011 seconds.
  path: Assets/DuoDraconis Dungeon Set - Wizard Laboratory/Material/DS_WizLab_Furn_Desk.mat
  artifactKey: Guid(71c891467a7b4dd4797494aeefd11c73) Importer(815301076,1909f56bfc062723c751e8b465ee728b)
Start importing Assets/DuoDraconis Dungeon Set - Wizard Laboratory/Material/DS_WizLab_Furn_Desk.mat using Guid(71c891467a7b4dd4797494aeefd11c73) Importer(815301076,1909f56bfc062723c751e8b465ee728b)  -> (artifact id: '1c8fc19e42a4ad5f3cb79380abc806a0') in 0.033211 seconds
Number of updated asset objects reloaded before import = 0
Number of asset objects unloaded after import = 7
========================================================================
Received Import Request.
  Time since last request: 0.000016 seconds.
  path: Assets/DuoDraconis Dungeon Set - Wizard Laboratory/Material/DS_WizLab_Clut_ScrollPile.mat
  artifactKey: Guid(18964a556d6e2da4fb38a6738d679453) Importer(815301076,1909f56bfc062723c751e8b465ee728b)
Start importing Assets/DuoDraconis Dungeon Set - Wizard Laboratory/Material/DS_WizLab_Clut_ScrollPile.mat using Guid(18964a556d6e2da4fb38a6738d679453) Importer(815301076,1909f56bfc062723c751e8b465ee728b)  -> (artifact id: '2550438a99c3fb480f530eb05c77ec5c') in 0.046750 seconds
Number of updated asset objects reloaded before import = 0
Number of asset objects unloaded after import = 7
========================================================================
Received Import Request.
  Time since last request: 0.000018 seconds.
  path: Assets/DuoDraconis Dungeon Set - Wizard Laboratory/Material/DS_WizLab_Arch_WindowC_Glass_00.mat
  artifactKey: Guid(02b96a464d052ee40b2ea33f50f7323b) Importer(815301076,1909f56bfc062723c751e8b465ee728b)
Start importing Assets/DuoDraconis Dungeon Set - Wizard Laboratory/Material/DS_WizLab_Arch_WindowC_Glass_00.mat using Guid(02b96a464d052ee40b2ea33f50f7323b) Importer(815301076,1909f56bfc062723c751e8b465ee728b)  -> (artifact id: '1afbcefc1fae9961877f0b8910e07a7a') in 0.047686 seconds
Number of updated asset objects reloaded before import = 0
Number of asset objects unloaded after import = 7
========================================================================
Received Import Request.
  Time since last request: 0.000015 seconds.
  path: Assets/DuoDraconis Dungeon Set - Wizard Laboratory/Material/DS_WizLab_Clut_BookStand.mat
  artifactKey: Guid(62c45b2d936929a48ab6eafc4c126574) Importer(815301076,1909f56bfc062723c751e8b465ee728b)
Start importing Assets/DuoDraconis Dungeon Set - Wizard Laboratory/Material/DS_WizLab_Clut_BookStand.mat using Guid(62c45b2d936929a48ab6eafc4c126574) Importer(815301076,1909f56bfc062723c751e8b465ee728b)  -> (artifact id: 'a7a6c829a9328747ec2ee5a6dc36f509') in 0.029354 seconds
Number of updated asset objects reloaded before import = 0
Number of asset objects unloaded after import = 7
========================================================================
Received Import Request.
  Time since last request: 0.000018 seconds.
  path: Assets/DuoDraconis Dungeon Set - Wizard Laboratory/Material/DS_WizLab_Arch_WindowF_Glass.mat
  artifactKey: Guid(5ce048687dc75ad43be6ade17b6044de) Importer(815301076,1909f56bfc062723c751e8b465ee728b)
Start importing Assets/DuoDraconis Dungeon Set - Wizard Laboratory/Material/DS_WizLab_Arch_WindowF_Glass.mat using Guid(5ce048687dc75ad43be6ade17b6044de) Importer(815301076,1909f56bfc062723c751e8b465ee728b)  -> (artifact id: '9b2162ce3a6d3243b3bde3d7021c576a') in 0.024970 seconds
Number of updated asset objects reloaded before import = 0
Number of asset objects unloaded after import = 7
========================================================================
Received Import Request.
  Time since last request: 0.000012 seconds.
  path: Assets/DuoDraconis Dungeon Set - Wizard Laboratory/Material/DS_WizLab_Clut_ProbesIngot_02.mat
  artifactKey: Guid(821d071c705931541a7d338a8a323d19) Importer(815301076,1909f56bfc062723c751e8b465ee728b)
Start importing Assets/DuoDraconis Dungeon Set - Wizard Laboratory/Material/DS_WizLab_Clut_ProbesIngot_02.mat using Guid(821d071c705931541a7d338a8a323d19) Importer(815301076,1909f56bfc062723c751e8b465ee728b)  -> (artifact id: 'ad78eaed3a94c8492b3518db33fe1675') in 0.029739 seconds
Number of updated asset objects reloaded before import = 0
Number of asset objects unloaded after import = 7
========================================================================
Received Import Request.
  Time since last request: 0.000011 seconds.
  path: Assets/DuoDraconis Dungeon Set - Wizard Laboratory/Material/DS_WizLab_Clut_ProbesCrystal.mat
  artifactKey: Guid(dd1c100eb50cd4c498c852d2394a4890) Importer(815301076,1909f56bfc062723c751e8b465ee728b)
Start importing Assets/DuoDraconis Dungeon Set - Wizard Laboratory/Material/DS_WizLab_Clut_ProbesCrystal.mat using Guid(dd1c100eb50cd4c498c852d2394a4890) Importer(815301076,1909f56bfc062723c751e8b465ee728b)  -> (artifact id: 'dd13416562a58d0206d8efa27f1dfe65') in 0.028810 seconds
Number of updated asset objects reloaded before import = 0
Number of asset objects unloaded after import = 7
========================================================================
Received Import Request.
  Time since last request: 0.000012 seconds.
  path: Assets/DuoDraconis Dungeon Set - Wizard Laboratory/Material/DS_WizLab_Clut_FlaskBox.mat
  artifactKey: Guid(ec25192028e1f1447acd6557688ffe21) Importer(815301076,1909f56bfc062723c751e8b465ee728b)
Start importing Assets/DuoDraconis Dungeon Set - Wizard Laboratory/Material/DS_WizLab_Clut_FlaskBox.mat using Guid(ec25192028e1f1447acd6557688ffe21) Importer(815301076,1909f56bfc062723c751e8b465ee728b)  -> (artifact id: 'be273d2b552072e64eb37f5cb3378149') in 0.028524 seconds
Number of updated asset objects reloaded before import = 0
Number of asset objects unloaded after import = 7
========================================================================
Received Import Request.
  Time since last request: 0.000014 seconds.
  path: Assets/DuoDraconis Dungeon Set - Wizard Laboratory/Material/DS_WizLab_Clut_Map.mat
  artifactKey: Guid(3f10423cecf773b488d39d65eae0c8a4) Importer(815301076,1909f56bfc062723c751e8b465ee728b)
Start importing Assets/DuoDraconis Dungeon Set - Wizard Laboratory/Material/DS_WizLab_Clut_Map.mat using Guid(3f10423cecf773b488d39d65eae0c8a4) Importer(815301076,1909f56bfc062723c751e8b465ee728b)  -> (artifact id: 'f1f4686fe5663f9f6578907f9b56b196') in 0.024413 seconds
Number of updated asset objects reloaded before import = 0
Number of asset objects unloaded after import = 7
========================================================================
Received Import Request.
  Time since last request: 0.000019 seconds.
  path: Assets/DuoDraconis Dungeon Set - Wizard Laboratory/Material/DS_WizLab_Clut_ProbesIngot_01.mat
  artifactKey: Guid(8522e162b20e7dc449d1e8aae7223e87) Importer(815301076,1909f56bfc062723c751e8b465ee728b)
Start importing Assets/DuoDraconis Dungeon Set - Wizard Laboratory/Material/DS_WizLab_Clut_ProbesIngot_01.mat using Guid(8522e162b20e7dc449d1e8aae7223e87) Importer(815301076,1909f56bfc062723c751e8b465ee728b)  -> (artifact id: '0dfdf4c271882e1a1a2d0ded64153e82') in 0.030827 seconds
Number of updated asset objects reloaded before import = 0
Number of asset objects unloaded after import = 7
========================================================================
Received Import Request.
  Time since last request: 0.000012 seconds.
  path: Assets/DuoDraconis Dungeon Set - Wizard Laboratory/Material/DS_WizLab_Clut_Rug.mat
  artifactKey: Guid(acfd6f0b2c78b9c469c111bba72a5d5c) Importer(815301076,1909f56bfc062723c751e8b465ee728b)
Start importing Assets/DuoDraconis Dungeon Set - Wizard Laboratory/Material/DS_WizLab_Clut_Rug.mat using Guid(acfd6f0b2c78b9c469c111bba72a5d5c) Importer(815301076,1909f56bfc062723c751e8b465ee728b)  -> (artifact id: '00e6fdebdc5e7cc622353f5175020155') in 0.039709 seconds
Number of updated asset objects reloaded before import = 0
Number of asset objects unloaded after import = 7
========================================================================
Received Import Request.
  Time since last request: 0.000014 seconds.
  path: Assets/DuoDraconis Dungeon Set - Wizard Laboratory/Material/DS_WizLab_Arch_Staircase_Upper.mat
  artifactKey: Guid(2b543562852ffd3498c2c37267ef8b5a) Importer(815301076,1909f56bfc062723c751e8b465ee728b)
Start importing Assets/DuoDraconis Dungeon Set - Wizard Laboratory/Material/DS_WizLab_Arch_Staircase_Upper.mat using Guid(2b543562852ffd3498c2c37267ef8b5a) Importer(815301076,1909f56bfc062723c751e8b465ee728b)  -> (artifact id: '15c87610d49dc7b4ecd41e51dda278fa') in 0.029100 seconds
Number of updated asset objects reloaded before import = 0
Number of asset objects unloaded after import = 7
========================================================================
Received Import Request.
  Time since last request: 0.000439 seconds.
  path: Assets/DuoDraconis Dungeon Set - Wizard Laboratory/Material/DS_WizLab_Arch_FloorJ.mat
  artifactKey: Guid(66e7992783fc1084aa1df7da37adac69) Importer(815301076,1909f56bfc062723c751e8b465ee728b)
Start importing Assets/DuoDraconis Dungeon Set - Wizard Laboratory/Material/DS_WizLab_Arch_FloorJ.mat using Guid(66e7992783fc1084aa1df7da37adac69) Importer(815301076,1909f56bfc062723c751e8b465ee728b)  -> (artifact id: '8d4c4edde1eaf7fdfb8410da6d5a1dc3') in 0.020140 seconds
Number of updated asset objects reloaded before import = 0
Number of asset objects unloaded after import = 7
========================================================================
Received Import Request.
  Time since last request: 0.000127 seconds.
  path: Assets/DuoDraconis Dungeon Set - Wizard Laboratory/Material/DS_WizLab_Furn_Table.mat
  artifactKey: Guid(4da1ebeaf38500a4cb264de6f329da72) Importer(815301076,1909f56bfc062723c751e8b465ee728b)
Start importing Assets/DuoDraconis Dungeon Set - Wizard Laboratory/Material/DS_WizLab_Furn_Table.mat using Guid(4da1ebeaf38500a4cb264de6f329da72) Importer(815301076,1909f56bfc062723c751e8b465ee728b)  -> (artifact id: 'd1d1167c8003e1c368a993ea1fd10ccb') in 0.070458 seconds
Number of updated asset objects reloaded before import = 0
Number of asset objects unloaded after import = 7
========================================================================
Received Import Request.
  Time since last request: 0.000014 seconds.
  path: Assets/DuoDraconis Dungeon Set - Wizard Laboratory/Material/DS_WizLab_Arch_WindowA.mat
  artifactKey: Guid(38c8e5a36f17b2b4dacad740704c7312) Importer(815301076,1909f56bfc062723c751e8b465ee728b)
Start importing Assets/DuoDraconis Dungeon Set - Wizard Laboratory/Material/DS_WizLab_Arch_WindowA.mat using Guid(38c8e5a36f17b2b4dacad740704c7312) Importer(815301076,1909f56bfc062723c751e8b465ee728b)  -> (artifact id: '50abdb5239cde49df47eaf457cf3b041') in 0.032275 seconds
Number of updated asset objects reloaded before import = 0
Number of asset objects unloaded after import = 7
========================================================================
Received Import Request.
  Time since last request: 0.000013 seconds.
  path: Assets/DuoDraconis Dungeon Set - Wizard Laboratory/Material/DS_WizLab_Arch_WindowD_Glass_00.mat
  artifactKey: Guid(59efd592f2e64e54887352f6b894bc4f) Importer(815301076,1909f56bfc062723c751e8b465ee728b)
Start importing Assets/DuoDraconis Dungeon Set - Wizard Laboratory/Material/DS_WizLab_Arch_WindowD_Glass_00.mat using Guid(59efd592f2e64e54887352f6b894bc4f) Importer(815301076,1909f56bfc062723c751e8b465ee728b)  -> (artifact id: '821ba960b382af9566b283a2e6a07a68') in 0.024393 seconds
Number of updated asset objects reloaded before import = 0
Number of asset objects unloaded after import = 7
========================================================================
Received Import Request.
  Time since last request: 0.000013 seconds.
  path: Assets/DuoDraconis Dungeon Set - Wizard Laboratory/Material/DS_WizLab_Clut_SmallCauldron.mat
  artifactKey: Guid(7217fda5b498da04cb6cb7f38cc396c0) Importer(815301076,1909f56bfc062723c751e8b465ee728b)
Start importing Assets/DuoDraconis Dungeon Set - Wizard Laboratory/Material/DS_WizLab_Clut_SmallCauldron.mat using Guid(7217fda5b498da04cb6cb7f38cc396c0) Importer(815301076,1909f56bfc062723c751e8b465ee728b)  -> (artifact id: '35661f644e4e6e173ba566b875a2d436') in 0.025671 seconds
Number of updated asset objects reloaded before import = 0
Number of asset objects unloaded after import = 7
========================================================================
Received Import Request.
  Time since last request: 7.303530 seconds.
  path: Assets/DuoDraconis Dungeon Set - Wizard Laboratory/Textures/DS_WizLab_Furn_Table_metallic.png
  artifactKey: Guid(53b8d906b384d2742aa57c3cd06ce59e) Importer(815301076,1909f56bfc062723c751e8b465ee728b)
Start importing Assets/DuoDraconis Dungeon Set - Wizard Laboratory/Textures/DS_WizLab_Furn_Table_metallic.png using Guid(53b8d906b384d2742aa57c3cd06ce59e) Importer(815301076,1909f56bfc062723c751e8b465ee728b)  -> (artifact id: '29a97d65f0514f460a5f15afac3852b3') in 0.031071 seconds
Number of updated asset objects reloaded before import = 0
Number of asset objects unloaded after import = 2
========================================================================
Received Prepare
Begin MonoManager ReloadAssembly
Symbol file LoadedFromMemory is not a mono symbol file
- Loaded All Assemblies, in  0.628 seconds
Refreshing native plugins compatible for Editor in 45.72 ms, found 13 plugins.
Native extension for WindowsStandalone target not found
Native extension for Android target not found
Native extension for WebGL target not found
[Package Manager] Server::EnsureServerProcessIsRunning -- launch failed, reason: Unity was launched with the -noUpm command-line argument
[Package Manager] UpmClient::Send -- Unable to send message (not connected to UPM process).
[Package Manager] Cannot connect to Unity Package Manager local server
[Package Manager] Server::EnsureServerProcessIsRunning -- launch failed, reason: Unity was launched with the -noUpm command-line argument
[Package Manager] UpmClient::Send -- Unable to send message (not connected to UPM process).
[Package Manager] Cannot connect to Unity Package Manager local server
[Package Manager] Server::EnsureServerProcessIsRunning -- launch failed, reason: Unity was launched with the -noUpm command-line argument
[Package Manager] UpmClient::Send -- Unable to send message (not connected to UPM process).
[Package Manager] Cannot connect to Unity Package Manager local server
System.Reflection.TargetInvocationException: Exception has been thrown by the target of an invocation. ---> System.TypeInitializationException: The type initializer for 'UnityEditor.XR.Interaction.Toolkit.Samples.Hands.Editor.HandsSampleProjectValidation' threw an exception. ---> System.NullReferenceException: Object reference not set to an instance of an object
  at Unity.XR.CoreUtils.Editor.PackageVersionUtility.UpdatePackageVersions () [0x00034] in .\Library\PackageCache\com.unity.xr.core-utils@2.2.3\Editor\ProjectValidation\PackageVersionUtility.cs:46 
  at Unity.XR.CoreUtils.Editor.PackageVersionUtility.GetPackageVersion (System.String packageName) [0x00011] in .\Library\PackageCache\com.unity.xr.core-utils@2.2.3\Editor\ProjectValidation\PackageVersionUtility.cs:67 
  at UnityEditor.XR.Interaction.Toolkit.Samples.Hands.Editor.HandsSampleProjectValidation..cctor () [0x00041] in C:\Users\Rose\OneDrive\Desktop\Coding\GitHub\CS465_OrdwayR\RosysWizards465\Assets\Samples\XR Interaction Toolkit\3.0.7\Hands Interaction Demo\Editor\Scripts\HandsSampleProjectValidation.cs:34 
   --- End of inner exception stack trace ---
  at (wrapper managed-to-native) System.Object.__icall_wrapper_mono_gc_wbarrier_generic_nostore_internal(intptr)
  at (wrapper write-barrier) System.Object.wbarrier_conc(intptr)
  at (wrapper managed-to-native) System.Reflection.RuntimeMethodInfo.InternalInvoke(System.Reflection.RuntimeMethodInfo,object,object[],System.Exception&)
  at System.Reflection.RuntimeMethodInfo.Invoke (System.Object obj, System.Reflection.BindingFlags invokeAttr, System.Reflection.Binder binder, System.Object[] parameters, System.Globalization.CultureInfo culture) [0x0006a] in <bfbc89a04b6b4dd49c3614d03fc31ce8>:0 
   --- End of inner exception stack trace ---
  at System.Reflection.RuntimeMethodInfo.Invoke (System.Object obj, System.Reflection.BindingFlags invokeAttr, System.Reflection.Binder binder, System.Object[] parameters, System.Globalization.CultureInfo culture) [0x00083] in <bfbc89a04b6b4dd49c3614d03fc31ce8>:0 
  at System.Reflection.MethodBase.Invoke (System.Object obj, System.Object[] parameters) [0x00000] in <bfbc89a04b6b4dd49c3614d03fc31ce8>:0 
  at UnityEditor.EditorAssemblies.ProcessInitializeOnLoadMethodAttributes () [0x000a5] in <8e887700cd7e4674989da7b046e8eaa6>:0 
UnityEngine.StackTraceUtility:ExtractStackTrace ()
UnityEngine.DebugLogHandler:LogFormat (UnityEngine.LogType,UnityEngine.Object,string,object[])
UnityEngine.Logger:Log (UnityEngine.LogType,object)
UnityEngine.Debug:LogError (object)
UnityEditor.EditorAssemblies:ProcessInitializeOnLoadMethodAttributes ()

Mono: successfully reloaded assembly
[Package Manager] Server::EnsureServerProcessIsRunning -- launch failed, reason: Unity was launched with the -noUpm command-line argument
[Package Manager] UpmClient::Send -- Unable to send message (not connected to UPM process).
[Package Manager] Cannot connect to Unity Package Manager local server
- Finished resetting the current domain, in  2.624 seconds
Domain Reload Profiling: 3242ms
	BeginReloadAssembly (213ms)
		ExecutionOrderSort (0ms)
		DisableScriptedObjects (10ms)
		BackupInstance (0ms)
		ReleaseScriptingObjects (0ms)
		CreateAndSetChildDomain (65ms)
	RebuildCommonClasses (28ms)
	RebuildNativeTypeToScriptingClass (13ms)
	initialDomainReloadingComplete (31ms)
	LoadAllAssembliesAndSetupDomain (332ms)
		LoadAssemblies (382ms)
		RebuildTransferFunctionScriptingTraits (0ms)
		AnalyzeDomain (33ms)
			TypeCache.Refresh (6ms)
				TypeCache.ScanAssembly (0ms)
			ScanForSourceGeneratedMonoScriptInfo (0ms)
			ResolveRequiredComponents (25ms)
	FinalizeReload (2625ms)
		ReleaseScriptCaches (0ms)
		RebuildScriptCaches (0ms)
		SetupLoadedEditorAssemblies (1025ms)
			LogAssemblyErrors (0ms)
			InitializePlatformSupportModulesInManaged (26ms)
			SetLoadedEditorAssemblies (3ms)
			RefreshPlugins (0ms)
			BeforeProcessingInitializeOnLoad (116ms)
			ProcessInitializeOnLoadAttributes (801ms)
			ProcessInitializeOnLoadMethodAttributes (70ms)
			AfterProcessingInitializeOnLoad (8ms)
			EditorAssembliesLoaded (0ms)
		ExecutionOrderSort2 (0ms)
		AwakeInstancesAfterBackupRestoration (19ms)
Shader 'Oculus/OVRMRCameraFrameLit': fallback shader 'Alpha-Diffuse' not found
Refreshing native plugins compatible for Editor in 48.87 ms, found 13 plugins.
Preloading 0 native plugins for Editor in 0.00 ms.
Unloading 9860 Unused Serialized files (Serialized files now loaded: 0)
Unloading 261 unused Assets / (15.5 MB). Loaded Objects now: 10778.
Memory consumption went from 374.7 MB to 359.1 MB.
Total: 14.058900 ms (FindLiveObjects: 1.370900 ms CreateObjectMapping: 0.672100 ms MarkObjects: 7.273500 ms  DeleteObjects: 4.741800 ms)

Prepare: number of updated asset objects reloaded= 0
AssetImportParameters requested are different than current active one (requested -> active):
  custom:container-demuxer-ogg: 62fdf1f143b41e24485cea50d1cbac27 -> 
  custom:framework-win-MediaFoundation: 216162199b28c13a410421893ffa2e32 -> 
  custom:container-muxer-webm: aa71ff27fc2769a1b78a27578f13a17b -> 
  custom:video-decoder-webm-vp8: 9c59270c3fd7afecdb556c50c9e8de78 -> 
  custom:SearchIndexIgnoredProperties: e643bd26f0fe6173181afceb89e7c659 -> 
  custom:AudioImporter_EditorPlatform: d09bf68614088b80899f8185d706f6e7 -> 
  custom:audio-decoder-ogg-vorbis: bf7c407c2cedff20999df2af8eb42d56 -> 
  custom:audio-encoder-webm-vorbis: bf7c407c2cedff20999df2af8eb42d56 -> 
  custom:video-codec-MediaFoundation-h265: 746d11721c4dcdbdad8f713fa42b33f4 -> 
  custom:video-decoder-ogg-theora: a1e56fd34408186e4bbccfd4996cb3dc -> 
  custom:CustomObjectIndexerAttribute: 62b5816608c3102f162a1797e29626cf -> 
  custom:container-demuxer-webm: 4f35f7cbe854078d1ac9338744f61a02 -> 
  custom:video-encoder-webm-vp8: eb34c28f22e8b96e1ab97ce403110664 -> 
========================================================================
Received Import Request.
  Time since last request: 19.320649 seconds.
  path: Assets/DuoDraconis Dungeon Set - Wizard Laboratory/Material/DS_WizLab_Clut_ProbesIngot_03.mat
  artifactKey: Guid(233ca46ecf69da94e889aac4e7637384) Importer(815301076,1909f56bfc062723c751e8b465ee728b)
Start importing Assets/DuoDraconis Dungeon Set - Wizard Laboratory/Material/DS_WizLab_Clut_ProbesIngot_03.mat using Guid(233ca46ecf69da94e889aac4e7637384) Importer(815301076,1909f56bfc062723c751e8b465ee728b)  -> (artifact id: '1084da821acf146d574c8fd156c9db24') in 0.447677 seconds
Number of updated asset objects reloaded before import = 0
Number of asset objects unloaded after import = 275
========================================================================
Received Import Request.
  Time since last request: 0.000022 seconds.
  path: Assets/DuoDraconis Dungeon Set - Wizard Laboratory/Material/DS_WizLab_Clut_ContraptionB.mat
  artifactKey: Guid(77584e6d9e5aebd4a8d1ec534ff007cf) Importer(815301076,1909f56bfc062723c751e8b465ee728b)
Start importing Assets/DuoDraconis Dungeon Set - Wizard Laboratory/Material/DS_WizLab_Clut_ContraptionB.mat using Guid(77584e6d9e5aebd4a8d1ec534ff007cf) Importer(815301076,1909f56bfc062723c751e8b465ee728b)  -> (artifact id: '300ab517cacad3045b7a0aefcda0e62a') in 0.034365 seconds
Number of updated asset objects reloaded before import = 0
Number of asset objects unloaded after import = 7
========================================================================
Received Import Request.
  Time since last request: 0.000016 seconds.
  path: Assets/DuoDraconis Dungeon Set - Wizard Laboratory/Material/DS_WizLab_Clut_BookPile.mat
  artifactKey: Guid(e33215d51ca934d4c83b6443930b9b5f) Importer(815301076,1909f56bfc062723c751e8b465ee728b)
Start importing Assets/DuoDraconis Dungeon Set - Wizard Laboratory/Material/DS_WizLab_Clut_BookPile.mat using Guid(e33215d51ca934d4c83b6443930b9b5f) Importer(815301076,1909f56bfc062723c751e8b465ee728b)  -> (artifact id: 'effc73166d0ad75de4cac61618379a22') in 0.051102 seconds
Number of updated asset objects reloaded before import = 0
Number of asset objects unloaded after import = 7
========================================================================
Received Import Request.
  Time since last request: 0.000015 seconds.
  path: Assets/DuoDraconis Dungeon Set - Wizard Laboratory/Material/DS_WizLab_Arch_FloorG.mat
  artifactKey: Guid(dadd1636d8b2a8245933dc55e9097f5a) Importer(815301076,1909f56bfc062723c751e8b465ee728b)
Start importing Assets/DuoDraconis Dungeon Set - Wizard Laboratory/Material/DS_WizLab_Arch_FloorG.mat using Guid(dadd1636d8b2a8245933dc55e9097f5a) Importer(815301076,1909f56bfc062723c751e8b465ee728b)  -> (artifact id: '8c43813d80c519911d45dcfaa9eff024') in 0.023353 seconds
Number of updated asset objects reloaded before import = 0
Number of asset objects unloaded after import = 7
========================================================================
Received Import Request.
  Time since last request: 0.000012 seconds.
  path: Assets/DuoDraconis Dungeon Set - Wizard Laboratory/Material/DS_WizLab_Clut_MortarAndPestal.mat
  artifactKey: Guid(5a0b1d456e5086d4c9b2238492f15634) Importer(815301076,1909f56bfc062723c751e8b465ee728b)
Start importing Assets/DuoDraconis Dungeon Set - Wizard Laboratory/Material/DS_WizLab_Clut_MortarAndPestal.mat using Guid(5a0b1d456e5086d4c9b2238492f15634) Importer(815301076,1909f56bfc062723c751e8b465ee728b)  -> (artifact id: '31f26c6682616d82162d61842296d89f') in 0.051836 seconds
Number of updated asset objects reloaded before import = 0
Number of asset objects unloaded after import = 7
========================================================================
Received Import Request.
  Time since last request: 0.000015 seconds.
  path: Assets/DuoDraconis Dungeon Set - Wizard Laboratory/Material/DS_WizLab_Clut_ChalkBoard_01.mat
  artifactKey: Guid(58a9d524b4defad42bed438f824f4ed8) Importer(815301076,1909f56bfc062723c751e8b465ee728b)
Start importing Assets/DuoDraconis Dungeon Set - Wizard Laboratory/Material/DS_WizLab_Clut_ChalkBoard_01.mat using Guid(58a9d524b4defad42bed438f824f4ed8) Importer(815301076,1909f56bfc062723c751e8b465ee728b)  -> (artifact id: '9c7f788f521dd89b1bac0ba86989aba5') in 0.025385 seconds
Number of updated asset objects reloaded before import = 0
Number of asset objects unloaded after import = 6
========================================================================
Received Import Request.
  Time since last request: 0.000020 seconds.
  path: Assets/DuoDraconis Dungeon Set - Wizard Laboratory/Material/DS_WizLab_Arch_WindowE.mat
  artifactKey: Guid(7a3ce8ea8528c1047b26ca7889088a84) Importer(815301076,1909f56bfc062723c751e8b465ee728b)
Start importing Assets/DuoDraconis Dungeon Set - Wizard Laboratory/Material/DS_WizLab_Arch_WindowE.mat using Guid(7a3ce8ea8528c1047b26ca7889088a84) Importer(815301076,1909f56bfc062723c751e8b465ee728b)  -> (artifact id: 'a55af0bbafaceca271c95aeeceed4445') in 0.034456 seconds
Number of updated asset objects reloaded before import = 0
Number of asset objects unloaded after import = 7
========================================================================
Received Import Request.
  Time since last request: 0.000029 seconds.
  path: Assets/DuoDraconis Dungeon Set - Wizard Laboratory/Material/DS_WizLab_Arch_FloorC.mat
  artifactKey: Guid(a1a722f61e1813c44b395302dc1da12b) Importer(815301076,1909f56bfc062723c751e8b465ee728b)
Start importing Assets/DuoDraconis Dungeon Set - Wizard Laboratory/Material/DS_WizLab_Arch_FloorC.mat using Guid(a1a722f61e1813c44b395302dc1da12b) Importer(815301076,1909f56bfc062723c751e8b465ee728b)  -> (artifact id: 'ba5544eeae8ef19851652266e1f3c889') in 0.018368 seconds
Number of updated asset objects reloaded before import = 0
Number of asset objects unloaded after import = 7
========================================================================
Received Import Request.
  Time since last request: 0.000013 seconds.
  path: Assets/DuoDraconis Dungeon Set - Wizard Laboratory/Material/DS_WizLab_Clut_ProbesIngot_01.mat
  artifactKey: Guid(8522e162b20e7dc449d1e8aae7223e87) Importer(815301076,1909f56bfc062723c751e8b465ee728b)
Start importing Assets/DuoDraconis Dungeon Set - Wizard Laboratory/Material/DS_WizLab_Clut_ProbesIngot_01.mat using Guid(8522e162b20e7dc449d1e8aae7223e87) Importer(815301076,1909f56bfc062723c751e8b465ee728b)  -> (artifact id: 'c156317f4144a3669f139a5edaff3438') in 0.031626 seconds
Number of updated asset objects reloaded before import = 0
Number of asset objects unloaded after import = 7
========================================================================
Received Import Request.
  Time since last request: 0.000012 seconds.
  path: Assets/DuoDraconis Dungeon Set - Wizard Laboratory/Material/DS_WizLab_Arch_WindowE_Glass.mat
  artifactKey: Guid(06e230bd235cb9c4397890b673e3fc95) Importer(815301076,1909f56bfc062723c751e8b465ee728b)
Start importing Assets/DuoDraconis Dungeon Set - Wizard Laboratory/Material/DS_WizLab_Arch_WindowE_Glass.mat using Guid(06e230bd235cb9c4397890b673e3fc95) Importer(815301076,1909f56bfc062723c751e8b465ee728b)  -> (artifact id: '2a49bc5d1d4c3eed0a80ec92ba24f6e2') in 0.017673 seconds
Number of updated asset objects reloaded before import = 0
Number of asset objects unloaded after import = 7
========================================================================
Received Import Request.
  Time since last request: 0.000018 seconds.
  path: Assets/DuoDraconis Dungeon Set - Wizard Laboratory/Material/DS_WizLab_Arch_FloorD.mat
  artifactKey: Guid(e8dfd3ddf54cdc74f9a48bf0fd55b6f4) Importer(815301076,1909f56bfc062723c751e8b465ee728b)
Start importing Assets/DuoDraconis Dungeon Set - Wizard Laboratory/Material/DS_WizLab_Arch_FloorD.mat using Guid(e8dfd3ddf54cdc74f9a48bf0fd55b6f4) Importer(815301076,1909f56bfc062723c751e8b465ee728b)  -> (artifact id: '02361a6e4d50fade72f489bc339c7e2b') in 0.018697 seconds
Number of updated asset objects reloaded before import = 0
Number of asset objects unloaded after import = 7
========================================================================
Received Import Request.
  Time since last request: 0.000018 seconds.
  path: Assets/DuoDraconis Dungeon Set - Wizard Laboratory/Material/DS_WizLab_Arch_Door.mat
  artifactKey: Guid(487857752b3cd8d40b9b0ce22dfdc1d1) Importer(815301076,1909f56bfc062723c751e8b465ee728b)
Start importing Assets/DuoDraconis Dungeon Set - Wizard Laboratory/Material/DS_WizLab_Arch_Door.mat using Guid(487857752b3cd8d40b9b0ce22dfdc1d1) Importer(815301076,1909f56bfc062723c751e8b465ee728b)  -> (artifact id: '5c56dac2be915f05fec8a2c4531d13de') in 0.034870 seconds
Number of updated asset objects reloaded before import = 0
Number of asset objects unloaded after import = 7
========================================================================
Received Import Request.
  Time since last request: 0.000013 seconds.
  path: Assets/DuoDraconis Dungeon Set - Wizard Laboratory/Material/DS_WizLab_Arch_Column.mat
  artifactKey: Guid(ae21bfe9e7d9cd243b3407c5fbf87bc5) Importer(815301076,1909f56bfc062723c751e8b465ee728b)
Start importing Assets/DuoDraconis Dungeon Set - Wizard Laboratory/Material/DS_WizLab_Arch_Column.mat using Guid(ae21bfe9e7d9cd243b3407c5fbf87bc5) Importer(815301076,1909f56bfc062723c751e8b465ee728b)  -> (artifact id: '5b6a727c18902563b84e94bd03516169') in 0.028983 seconds
Number of updated asset objects reloaded before import = 0
Number of asset objects unloaded after import = 7
========================================================================
Received Import Request.
  Time since last request: 0.000015 seconds.
  path: Assets/DuoDraconis Dungeon Set - Wizard Laboratory/Material/DS_WizLab_Arch_WindowA.mat
  artifactKey: Guid(38c8e5a36f17b2b4dacad740704c7312) Importer(815301076,1909f56bfc062723c751e8b465ee728b)
Start importing Assets/DuoDraconis Dungeon Set - Wizard Laboratory/Material/DS_WizLab_Arch_WindowA.mat using Guid(38c8e5a36f17b2b4dacad740704c7312) Importer(815301076,1909f56bfc062723c751e8b465ee728b)  -> (artifact id: '69eddb80bbdc1bd7a5207d872f75afb4') in 0.035909 seconds
Number of updated asset objects reloaded before import = 0
Number of asset objects unloaded after import = 7
========================================================================
Received Import Request.
  Time since last request: 0.000013 seconds.
  path: Assets/DuoDraconis Dungeon Set - Wizard Laboratory/Material/DS_WizLab_Arch_FloorK.mat
  artifactKey: Guid(2deb79da8c975714eb30614203db2f75) Importer(815301076,1909f56bfc062723c751e8b465ee728b)
Start importing Assets/DuoDraconis Dungeon Set - Wizard Laboratory/Material/DS_WizLab_Arch_FloorK.mat using Guid(2deb79da8c975714eb30614203db2f75) Importer(815301076,1909f56bfc062723c751e8b465ee728b)  -> (artifact id: 'a1d943621cfddf625a1515e07bc210ba') in 0.023881 seconds
Number of updated asset objects reloaded before import = 0
Number of asset objects unloaded after import = 7
========================================================================
Received Import Request.
  Time since last request: 1.611255 seconds.
  path: Assets/DuoDraconis Dungeon Set - Wizard Laboratory/Textures/DS_WizLab_Clut_ChalkBoard_metallic.png
  artifactKey: Guid(61edc3c1d552dec4cbfabc9bd84c106b) Importer(815301076,1909f56bfc062723c751e8b465ee728b)
Start importing Assets/DuoDraconis Dungeon Set - Wizard Laboratory/Textures/DS_WizLab_Clut_ChalkBoard_metallic.png using Guid(61edc3c1d552dec4cbfabc9bd84c106b) Importer(815301076,1909f56bfc062723c751e8b465ee728b)  -> (artifact id: '7a011c12dc8432623097dba7866cba88') in 0.025208 seconds
Number of updated asset objects reloaded before import = 0
Number of asset objects unloaded after import = 2
========================================================================
Received Import Request.
  Time since last request: 98.819299 seconds.
  path: Assets/DuoDraconis Dungeon Set - Wizard Laboratory/Textures/DS_WizLab_Clut_Rug_normal.png
  artifactKey: Guid(886caa6c18842474184665913944e87c) Importer(815301076,1909f56bfc062723c751e8b465ee728b)
Start importing Assets/DuoDraconis Dungeon Set - Wizard Laboratory/Textures/DS_WizLab_Clut_Rug_normal.png using Guid(886caa6c18842474184665913944e87c) Importer(815301076,1909f56bfc062723c751e8b465ee728b)  -> (artifact id: 'b8e4794216bad5c69a166ea1d900f910') in 0.030996 seconds
Number of updated asset objects reloaded before import = 0
Number of asset objects unloaded after import = 2
========================================================================
Received Import Request.
  Time since last request: 0.000017 seconds.
  path: Assets/DuoDraconis Dungeon Set - Wizard Laboratory/Textures/DS_WizLab_Clut_Rug_metallic.png
  artifactKey: Guid(c7cd4c0c1d173e44097d3639855a8b86) Importer(815301076,1909f56bfc062723c751e8b465ee728b)
Start importing Assets/DuoDraconis Dungeon Set - Wizard Laboratory/Textures/DS_WizLab_Clut_Rug_metallic.png using Guid(c7cd4c0c1d173e44097d3639855a8b86) Importer(815301076,1909f56bfc062723c751e8b465ee728b)  -> (artifact id: 'cfc08ad9c45f6424fe6ca9d05337190f') in 0.015150 seconds
Number of updated asset objects reloaded before import = 0
Number of asset objects unloaded after import = 2
Editor requested this worker to shutdown with reason: Scaling down because of idle timeout
TcpMessagingSession - receive error: operation aborted. errorcode: 995, details: The I/O operation has been aborted because of either a thread exit or an application request.
AssetImportWorker is now disconnected from the server
Process exiting
Exiting without the bug reporter. Application will terminate with return code 0