Using pre-set license
Built from '2022.3/release' branch; Version is '2022.3.18f1 (d29bea25151d) revision 13802474'; Using compiler version '192829333'; Build Type 'Release'
OS: 'Windows 11  (10.0.22631) 64bit Core' Language: 'en' Physical Memory: 32682 MB
BatchMode: 1, IsHumanControllingUs: 0, StartBugReporterOnCrash: 0, Is64bit: 1, IsPro: 1

COMMAND LINE ARGUMENTS:
C:\Program Files\Unity\Hub\Editor\2022.3.18f1\Editor\Unity.exe
-adb2
-batchMode
-noUpm
-name
AssetImportWorker3
-projectPath
C:/Users/Rose/OneDrive/Desktop/Coding/GitHub/CS465_OrdwayR/RosysWizards465
-logFile
Logs/AssetImportWorker3.log
-srvPort
55627
Successfully changed project path to: C:/Users/Rose/OneDrive/Desktop/Coding/GitHub/CS465_OrdwayR/RosysWizards465
C:/Users/Rose/OneDrive/Desktop/Coding/GitHub/CS465_OrdwayR/RosysWizards465
[UnityMemory] Configuration Parameters - Can be set up in boot.config
    "memorysetup-bucket-allocator-granularity=16"
    "memorysetup-bucket-allocator-bucket-count=8"
    "memorysetup-bucket-allocator-block-size=33554432"
    "memorysetup-bucket-allocator-block-count=8"
    "memorysetup-main-allocator-block-size=16777216"
    "memorysetup-thread-allocator-block-size=16777216"
    "memorysetup-gfx-main-allocator-block-size=16777216"
    "memorysetup-gfx-thread-allocator-block-size=16777216"
    "memorysetup-cache-allocator-block-size=4194304"
    "memorysetup-typetree-allocator-block-size=2097152"
    "memorysetup-profiler-bucket-allocator-granularity=16"
    "memorysetup-profiler-bucket-allocator-bucket-count=8"
    "memorysetup-profiler-bucket-allocator-block-size=33554432"
    "memorysetup-profiler-bucket-allocator-block-count=8"
    "memorysetup-profiler-allocator-block-size=16777216"
    "memorysetup-profiler-editor-allocator-block-size=1048576"
    "memorysetup-temp-allocator-size-main=16777216"
    "memorysetup-job-temp-allocator-block-size=2097152"
    "memorysetup-job-temp-allocator-block-size-background=1048576"
    "memorysetup-job-temp-allocator-reduction-small-platforms=262144"
    "memorysetup-allocator-temp-initial-block-size-main=262144"
    "memorysetup-allocator-temp-initial-block-size-worker=262144"
    "memorysetup-temp-allocator-size-background-worker=32768"
    "memorysetup-temp-allocator-size-job-worker=262144"
    "memorysetup-temp-allocator-size-preload-manager=33554432"
    "memorysetup-temp-allocator-size-nav-mesh-worker=65536"
    "memorysetup-temp-allocator-size-audio-worker=65536"
    "memorysetup-temp-allocator-size-cloud-worker=32768"
    "memorysetup-temp-allocator-size-gi-baking-worker=262144"
    "memorysetup-temp-allocator-size-gfx=262144"
Player connection [40104] Host "[IP] 10.0.0.179 [Port] 0 [Flags] 2 [Guid] 3480870387 [EditorId] 3480870387 [Version] 1048832 [Id] WindowsEditor(7,Rosy) [Debug] 1 [PackageName] WindowsEditor [ProjectName] Editor" joined multi-casting on [225.0.0.222:54997]...

Player connection [40104] Host "[IP] 10.0.0.179 [Port] 0 [Flags] 2 [Guid] 3480870387 [EditorId] 3480870387 [Version] 1048832 [Id] WindowsEditor(7,Rosy) [Debug] 1 [PackageName] WindowsEditor [ProjectName] Editor" joined alternative multi-casting on [225.0.0.222:34997]...

[Physics::Module] Initialized MultithreadedJobDispatcher with 15 workers.
Refreshing native plugins compatible for Editor in 55.18 ms, found 13 plugins.
Preloading 0 native plugins for Editor in 0.00 ms.
Initialize engine version: 2022.3.18f1 (d29bea25151d)
[Subsystems] Discovering subsystems at path C:/Program Files/Unity/Hub/Editor/2022.3.18f1/Editor/Data/Resources/UnitySubsystems
[Subsystems] Discovering subsystems at path C:/Users/Rose/OneDrive/Desktop/Coding/GitHub/CS465_OrdwayR/RosysWizards465/Assets
GfxDevice: creating device client; threaded=0; jobified=0
Direct3D:
    Version:  Direct3D 11.0 [level 11.1]
    Renderer: NVIDIA GeForce RTX 3080 Ti (ID=0x2208)
    Vendor:   NVIDIA
    VRAM:     12086 MB
    Driver:   32.0.15.6636
Shader 'Oculus/OVRMRCameraFrameLit': fallback shader 'Alpha-Diffuse' not found
Initialize mono
Mono path[0] = 'C:/Program Files/Unity/Hub/Editor/2022.3.18f1/Editor/Data/Managed'
Mono path[1] = 'C:/Program Files/Unity/Hub/Editor/2022.3.18f1/Editor/Data/MonoBleedingEdge/lib/mono/unityjit-win32'
Mono config path = 'C:/Program Files/Unity/Hub/Editor/2022.3.18f1/Editor/Data/MonoBleedingEdge/etc'
Using monoOptions --debugger-agent=transport=dt_socket,embedding=1,server=y,suspend=n,address=127.0.0.1:56096
Begin MonoManager ReloadAssembly
Registering precompiled unity dll's ...
Register platform support module: C:/Program Files/Unity/Hub/Editor/2022.3.18f1/Editor/Data/PlaybackEngines/WebGLSupport/UnityEditor.WebGL.Extensions.dll
Register platform support module: C:/Program Files/Unity/Hub/Editor/2022.3.18f1/Editor/Data/PlaybackEngines/AndroidPlayer/UnityEditor.Android.Extensions.dll
Register platform support module: C:/Program Files/Unity/Hub/Editor/2022.3.18f1/Editor/Data/PlaybackEngines/WindowsStandaloneSupport/UnityEditor.WindowsStandalone.Extensions.dll
Registered in 0.012450 seconds.
- Loaded All Assemblies, in  0.414 seconds
Native extension for WindowsStandalone target not found
Native extension for Android target not found
Android Extension - Scanning For ADB Devices 325 ms
Native extension for WebGL target not found
Mono: successfully reloaded assembly
- Finished resetting the current domain, in  0.730 seconds
Domain Reload Profiling: 1142ms
	BeginReloadAssembly (134ms)
		ExecutionOrderSort (0ms)
		DisableScriptedObjects (0ms)
		BackupInstance (0ms)
		ReleaseScriptingObjects (0ms)
		CreateAndSetChildDomain (1ms)
	RebuildCommonClasses (35ms)
	RebuildNativeTypeToScriptingClass (12ms)
	initialDomainReloadingComplete (75ms)
	LoadAllAssembliesAndSetupDomain (155ms)
		LoadAssemblies (130ms)
		RebuildTransferFunctionScriptingTraits (0ms)
		AnalyzeDomain (153ms)
			TypeCache.Refresh (152ms)
				TypeCache.ScanAssembly (140ms)
			ScanForSourceGeneratedMonoScriptInfo (0ms)
			ResolveRequiredComponents (0ms)
	FinalizeReload (731ms)
		ReleaseScriptCaches (0ms)
		RebuildScriptCaches (0ms)
		SetupLoadedEditorAssemblies (670ms)
			LogAssemblyErrors (0ms)
			InitializePlatformSupportModulesInManaged (456ms)
			SetLoadedEditorAssemblies (4ms)
			RefreshPlugins (0ms)
			BeforeProcessingInitializeOnLoad (2ms)
			ProcessInitializeOnLoadAttributes (135ms)
			ProcessInitializeOnLoadMethodAttributes (73ms)
			AfterProcessingInitializeOnLoad (0ms)
			EditorAssembliesLoaded (0ms)
		ExecutionOrderSort2 (0ms)
		AwakeInstancesAfterBackupRestoration (0ms)
========================================================================
Worker process is ready to serve import requests
Begin MonoManager ReloadAssembly
Symbol file LoadedFromMemory is not a mono symbol file
- Loaded All Assemblies, in  0.816 seconds
Refreshing native plugins compatible for Editor in 39.47 ms, found 13 plugins.
Native extension for WindowsStandalone target not found
Native extension for Android target not found
Native extension for WebGL target not found
Package Manager log level set to [2]
[Package Manager] Server::EnsureServerProcessIsRunning -- launch failed, reason: Unity was launched with the -noUpm command-line argument
[Package Manager] UpmClient::Send -- Unable to send message (not connected to UPM process).
[Package Manager] Cannot connect to Unity Package Manager local server
[Package Manager] Server::EnsureServerProcessIsRunning -- launch failed, reason: Unity was launched with the -noUpm command-line argument
[Package Manager] UpmClient::Send -- Unable to send message (not connected to UPM process).
[Package Manager] Cannot connect to Unity Package Manager local server
[Package Manager] Server::EnsureServerProcessIsRunning -- launch failed, reason: Unity was launched with the -noUpm command-line argument
[Package Manager] UpmClient::Send -- Unable to send message (not connected to UPM process).
[Package Manager] Cannot connect to Unity Package Manager local server
System.Reflection.TargetInvocationException: Exception has been thrown by the target of an invocation. ---> System.TypeInitializationException: The type initializer for 'UnityEditor.XR.Interaction.Toolkit.Samples.Hands.Editor.HandsSampleProjectValidation' threw an exception. ---> System.NullReferenceException: Object reference not set to an instance of an object
  at Unity.XR.CoreUtils.Editor.PackageVersionUtility.UpdatePackageVersions () [0x00034] in .\Library\PackageCache\com.unity.xr.core-utils@2.2.3\Editor\ProjectValidation\PackageVersionUtility.cs:46 
  at Unity.XR.CoreUtils.Editor.PackageVersionUtility.GetPackageVersion (System.String packageName) [0x00011] in .\Library\PackageCache\com.unity.xr.core-utils@2.2.3\Editor\ProjectValidation\PackageVersionUtility.cs:67 
  at UnityEditor.XR.Interaction.Toolkit.Samples.Hands.Editor.HandsSampleProjectValidation..cctor () [0x00041] in C:\Users\Rose\OneDrive\Desktop\Coding\GitHub\CS465_OrdwayR\RosysWizards465\Assets\Samples\XR Interaction Toolkit\3.0.7\Hands Interaction Demo\Editor\Scripts\HandsSampleProjectValidation.cs:34 
   --- End of inner exception stack trace ---
  at (wrapper managed-to-native) System.Object.__icall_wrapper_mono_gc_wbarrier_generic_nostore_internal(intptr)
  at (wrapper write-barrier) System.Object.wbarrier_conc(intptr)
  at (wrapper managed-to-native) System.Reflection.RuntimeMethodInfo.InternalInvoke(System.Reflection.RuntimeMethodInfo,object,object[],System.Exception&)
  at System.Reflection.RuntimeMethodInfo.Invoke (System.Object obj, System.Reflection.BindingFlags invokeAttr, System.Reflection.Binder binder, System.Object[] parameters, System.Globalization.CultureInfo culture) [0x0006a] in <bfbc89a04b6b4dd49c3614d03fc31ce8>:0 
   --- End of inner exception stack trace ---
  at System.Reflection.RuntimeMethodInfo.Invoke (System.Object obj, System.Reflection.BindingFlags invokeAttr, System.Reflection.Binder binder, System.Object[] parameters, System.Globalization.CultureInfo culture) [0x00083] in <bfbc89a04b6b4dd49c3614d03fc31ce8>:0 
  at System.Reflection.MethodBase.Invoke (System.Object obj, System.Object[] parameters) [0x00000] in <bfbc89a04b6b4dd49c3614d03fc31ce8>:0 
  at UnityEditor.EditorAssemblies.ProcessInitializeOnLoadMethodAttributes () [0x000a5] in <8e887700cd7e4674989da7b046e8eaa6>:0 
UnityEngine.StackTraceUtility:ExtractStackTrace ()
UnityEngine.DebugLogHandler:LogFormat (UnityEngine.LogType,UnityEngine.Object,string,object[])
UnityEngine.Logger:Log (UnityEngine.LogType,object)
UnityEngine.Debug:LogError (object)
UnityEditor.EditorAssemblies:ProcessInitializeOnLoadMethodAttributes ()

Mono: successfully reloaded assembly
[Package Manager] Server::EnsureServerProcessIsRunning -- launch failed, reason: Unity was launched with the -noUpm command-line argument
[Package Manager] UpmClient::Send -- Unable to send message (not connected to UPM process).
[Package Manager] Cannot connect to Unity Package Manager local server
[Package Manager] Server::EnsureServerProcessIsRunning -- launch failed, reason: Unity was launched with the -noUpm command-line argument
[Package Manager] UpmClient::Send -- Unable to send message (not connected to UPM process).
[Package Manager] Cannot connect to Unity Package Manager local server
- Finished resetting the current domain, in  1.204 seconds
Domain Reload Profiling: 2011ms
	BeginReloadAssembly (125ms)
		ExecutionOrderSort (0ms)
		DisableScriptedObjects (5ms)
		BackupInstance (0ms)
		ReleaseScriptingObjects (0ms)
		CreateAndSetChildDomain (17ms)
	RebuildCommonClasses (25ms)
	RebuildNativeTypeToScriptingClass (8ms)
	initialDomainReloadingComplete (39ms)
	LoadAllAssembliesAndSetupDomain (609ms)
		LoadAssemblies (389ms)
		RebuildTransferFunctionScriptingTraits (0ms)
		AnalyzeDomain (296ms)
			TypeCache.Refresh (233ms)
				TypeCache.ScanAssembly (211ms)
			ScanForSourceGeneratedMonoScriptInfo (42ms)
			ResolveRequiredComponents (20ms)
	FinalizeReload (1204ms)
		ReleaseScriptCaches (0ms)
		RebuildScriptCaches (0ms)
		SetupLoadedEditorAssemblies (995ms)
			LogAssemblyErrors (0ms)
			InitializePlatformSupportModulesInManaged (27ms)
			SetLoadedEditorAssemblies (4ms)
			RefreshPlugins (0ms)
			BeforeProcessingInitializeOnLoad (111ms)
			ProcessInitializeOnLoadAttributes (766ms)
			ProcessInitializeOnLoadMethodAttributes (76ms)
			AfterProcessingInitializeOnLoad (10ms)
			EditorAssembliesLoaded (0ms)
		ExecutionOrderSort2 (0ms)
		AwakeInstancesAfterBackupRestoration (5ms)
Shader 'Oculus/OVRMRCameraFrameLit': fallback shader 'Alpha-Diffuse' not found
Launched and connected shader compiler UnityShaderCompiler.exe after 0.04 seconds
Refreshing native plugins compatible for Editor in 39.78 ms, found 13 plugins.
Preloading 0 native plugins for Editor in 0.00 ms.
Unloading 10256 Unused Serialized files (Serialized files now loaded: 0)
Unloading 322 unused Assets / (16.0 MB). Loaded Objects now: 10596.
Memory consumption went from 450.9 MB to 434.9 MB.
Total: 9.690000 ms (FindLiveObjects: 0.508500 ms CreateObjectMapping: 0.332300 ms MarkObjects: 5.501100 ms  DeleteObjects: 3.347500 ms)

AssetImportParameters requested are different than current active one (requested -> active):
  custom:container-demuxer-ogg: 62fdf1f143b41e24485cea50d1cbac27 -> 
  custom:framework-win-MediaFoundation: 216162199b28c13a410421893ffa2e32 -> 
  custom:container-muxer-webm: aa71ff27fc2769a1b78a27578f13a17b -> 
  custom:video-decoder-webm-vp8: 9c59270c3fd7afecdb556c50c9e8de78 -> 
  custom:SearchIndexIgnoredProperties: e643bd26f0fe6173181afceb89e7c659 -> 
  custom:AudioImporter_EditorPlatform: d09bf68614088b80899f8185d706f6e7 -> 
  custom:audio-decoder-ogg-vorbis: bf7c407c2cedff20999df2af8eb42d56 -> 
  custom:audio-encoder-webm-vorbis: bf7c407c2cedff20999df2af8eb42d56 -> 
  custom:video-codec-MediaFoundation-h265: 746d11721c4dcdbdad8f713fa42b33f4 -> 
  custom:video-decoder-ogg-theora: a1e56fd34408186e4bbccfd4996cb3dc -> 
  custom:CustomObjectIndexerAttribute: 62b5816608c3102f162a1797e29626cf -> 
  custom:container-demuxer-webm: 4f35f7cbe854078d1ac9338744f61a02 -> 
  custom:video-encoder-webm-vp8: eb34c28f22e8b96e1ab97ce403110664 -> 
========================================================================
Received Import Request.
  Time since last request: 44001.047978 seconds.
  path: Assets/DuoDraconis Dungeon Set - Wizard Laboratory/Textures/DS_WizLab_Arch_Column_diffuse.png
  artifactKey: Guid(1790b78a5e5f1504dadfb9db00cc82e2) Importer(815301076,1909f56bfc062723c751e8b465ee728b)
Start importing Assets/DuoDraconis Dungeon Set - Wizard Laboratory/Textures/DS_WizLab_Arch_Column_diffuse.png using Guid(1790b78a5e5f1504dadfb9db00cc82e2) Importer(815301076,1909f56bfc062723c751e8b465ee728b)  -> (artifact id: '275892ba24cf5e92aaacad15df2e5594') in 0.084929 seconds
Number of updated asset objects reloaded before import = 0
Number of asset objects unloaded after import = 2
========================================================================
Received Import Request.
  Time since last request: 0.000011 seconds.
  path: Assets/DuoDraconis Dungeon Set - Wizard Laboratory/Textures/DS_WizLab_Arch_FloorB_diffuse.png
  artifactKey: Guid(b6363267d3f4b2549b56204b3f36aa65) Importer(815301076,1909f56bfc062723c751e8b465ee728b)
Start importing Assets/DuoDraconis Dungeon Set - Wizard Laboratory/Textures/DS_WizLab_Arch_FloorB_diffuse.png using Guid(b6363267d3f4b2549b56204b3f36aa65) Importer(815301076,1909f56bfc062723c751e8b465ee728b)  -> (artifact id: '03916657718070de6c863a6d121608b1') in 0.017732 seconds
Number of updated asset objects reloaded before import = 0
Number of asset objects unloaded after import = 2
========================================================================
Received Import Request.
  Time since last request: 0.000012 seconds.
  path: Assets/DuoDraconis Dungeon Set - Wizard Laboratory/Textures/DS_WizLab_Arch_FloorI_ambientocclusion.png
  artifactKey: Guid(f26ea465e2a54174183f27370ef53481) Importer(815301076,1909f56bfc062723c751e8b465ee728b)
Start importing Assets/DuoDraconis Dungeon Set - Wizard Laboratory/Textures/DS_WizLab_Arch_FloorI_ambientocclusion.png using Guid(f26ea465e2a54174183f27370ef53481) Importer(815301076,1909f56bfc062723c751e8b465ee728b)  -> (artifact id: 'c89684ac10638cb7ac70c8c6ce15dd4c') in 0.018541 seconds
Number of updated asset objects reloaded before import = 0
Number of asset objects unloaded after import = 2
========================================================================
Received Import Request.
  Time since last request: 0.000017 seconds.
  path: Assets/DuoDraconis Dungeon Set - Wizard Laboratory/Textures/DS_WizLab_Arch_FloorA_ambientocclusion.png
  artifactKey: Guid(5c8e4f3b473cd954195db1d1362b0fe9) Importer(815301076,1909f56bfc062723c751e8b465ee728b)
Start importing Assets/DuoDraconis Dungeon Set - Wizard Laboratory/Textures/DS_WizLab_Arch_FloorA_ambientocclusion.png using Guid(5c8e4f3b473cd954195db1d1362b0fe9) Importer(815301076,1909f56bfc062723c751e8b465ee728b)  -> (artifact id: '6a8bf338e6d3c723771984962cb33af8') in 0.018101 seconds
Number of updated asset objects reloaded before import = 0
Number of asset objects unloaded after import = 2
========================================================================
Received Import Request.
  Time since last request: 0.000013 seconds.
  path: Assets/DuoDraconis Dungeon Set - Wizard Laboratory/Textures/DS_WizLab_Arch_Floor_normal.png
  artifactKey: Guid(51259e3f523a75a44aebcdb7e7e4606d) Importer(815301076,1909f56bfc062723c751e8b465ee728b)
Start importing Assets/DuoDraconis Dungeon Set - Wizard Laboratory/Textures/DS_WizLab_Arch_Floor_normal.png using Guid(51259e3f523a75a44aebcdb7e7e4606d) Importer(815301076,1909f56bfc062723c751e8b465ee728b)  -> (artifact id: '9c2d618b6a35461dc5a2c002c717a7df') in 0.022346 seconds
Number of updated asset objects reloaded before import = 0
Number of asset objects unloaded after import = 2
========================================================================
Received Import Request.
  Time since last request: 0.000012 seconds.
  path: Assets/DuoDraconis Dungeon Set - Wizard Laboratory/Textures/DS_WizLab_Arch_FloorH_ambientocclusion.png
  artifactKey: Guid(a5ca7491b235e0b46bf06ca9964f0a3c) Importer(815301076,1909f56bfc062723c751e8b465ee728b)
Start importing Assets/DuoDraconis Dungeon Set - Wizard Laboratory/Textures/DS_WizLab_Arch_FloorH_ambientocclusion.png using Guid(a5ca7491b235e0b46bf06ca9964f0a3c) Importer(815301076,1909f56bfc062723c751e8b465ee728b)  -> (artifact id: '59cc80b1c7fe93361720b61541debbad') in 0.019765 seconds
Number of updated asset objects reloaded before import = 0
Number of asset objects unloaded after import = 2
========================================================================
Received Import Request.
  Time since last request: 0.000011 seconds.
  path: Assets/DuoDraconis Dungeon Set - Wizard Laboratory/Textures/DS_WizLab_Arch_Column_normal.png
  artifactKey: Guid(afb44328fb657654387b8965afc3269e) Importer(815301076,1909f56bfc062723c751e8b465ee728b)
Start importing Assets/DuoDraconis Dungeon Set - Wizard Laboratory/Textures/DS_WizLab_Arch_Column_normal.png using Guid(afb44328fb657654387b8965afc3269e) Importer(815301076,1909f56bfc062723c751e8b465ee728b)  -> (artifact id: '551a146c16efdd768691bbf777054b5d') in 0.022590 seconds
Number of updated asset objects reloaded before import = 0
Number of asset objects unloaded after import = 2
========================================================================
Received Import Request.
  Time since last request: 0.000010 seconds.
  path: Assets/DuoDraconis Dungeon Set - Wizard Laboratory/Textures/DS_WizLab_Arch_FloorJ_roughness.png
  artifactKey: Guid(daee26d02cc3f5140bdee1f95974b758) Importer(815301076,1909f56bfc062723c751e8b465ee728b)
Start importing Assets/DuoDraconis Dungeon Set - Wizard Laboratory/Textures/DS_WizLab_Arch_FloorJ_roughness.png using Guid(daee26d02cc3f5140bdee1f95974b758) Importer(815301076,1909f56bfc062723c751e8b465ee728b)  -> (artifact id: '27ae7ca64ddb21ddfa7f1f69ab02836a') in 0.021055 seconds
Number of updated asset objects reloaded before import = 0
Number of asset objects unloaded after import = 2
========================================================================
Received Import Request.
  Time since last request: 0.000012 seconds.
  path: Assets/DuoDraconis Dungeon Set - Wizard Laboratory/Textures/DS_WizLab_Arch_FloorF_diffuse.png
  artifactKey: Guid(95d2197ba2c3aab49a463f72a7024d15) Importer(815301076,1909f56bfc062723c751e8b465ee728b)
Start importing Assets/DuoDraconis Dungeon Set - Wizard Laboratory/Textures/DS_WizLab_Arch_FloorF_diffuse.png using Guid(95d2197ba2c3aab49a463f72a7024d15) Importer(815301076,1909f56bfc062723c751e8b465ee728b)  -> (artifact id: '55d277f79ccf86978f62f45be211aeaf') in 0.019480 seconds
Number of updated asset objects reloaded before import = 0
Number of asset objects unloaded after import = 2
========================================================================
Received Import Request.
  Time since last request: 0.000016 seconds.
  path: Assets/DuoDraconis Dungeon Set - Wizard Laboratory/Textures/DS_WizLab_Arch_FloorI_normal.png
  artifactKey: Guid(34f018557cf61b641b335bf491131f97) Importer(815301076,1909f56bfc062723c751e8b465ee728b)
Start importing Assets/DuoDraconis Dungeon Set - Wizard Laboratory/Textures/DS_WizLab_Arch_FloorI_normal.png using Guid(34f018557cf61b641b335bf491131f97) Importer(815301076,1909f56bfc062723c751e8b465ee728b)  -> (artifact id: '6d2c97bed04dc3350d6028a1e7fadfc0') in 0.020703 seconds
Number of updated asset objects reloaded before import = 0
Number of asset objects unloaded after import = 2
========================================================================
Received Import Request.
  Time since last request: 0.000014 seconds.
  path: Assets/DuoDraconis Dungeon Set - Wizard Laboratory/Textures/DS_WizLab_Arch_FloorH_metallic.png
  artifactKey: Guid(5e05d55339c54924ba5484f9f383cf09) Importer(815301076,1909f56bfc062723c751e8b465ee728b)
Start importing Assets/DuoDraconis Dungeon Set - Wizard Laboratory/Textures/DS_WizLab_Arch_FloorH_metallic.png using Guid(5e05d55339c54924ba5484f9f383cf09) Importer(815301076,1909f56bfc062723c751e8b465ee728b)  -> (artifact id: '0cbadeb7021845521f1efcc6d50c8200') in 0.019261 seconds
Number of updated asset objects reloaded before import = 0
Number of asset objects unloaded after import = 2
========================================================================
Received Import Request.
  Time since last request: 0.000011 seconds.
  path: Assets/DuoDraconis Dungeon Set - Wizard Laboratory/Textures/DS_WizLab_Arch_Staircase_Upper_metallic.png
  artifactKey: Guid(568863fc01f2c7642bf778673503e3fa) Importer(815301076,1909f56bfc062723c751e8b465ee728b)
Start importing Assets/DuoDraconis Dungeon Set - Wizard Laboratory/Textures/DS_WizLab_Arch_Staircase_Upper_metallic.png using Guid(568863fc01f2c7642bf778673503e3fa) Importer(815301076,1909f56bfc062723c751e8b465ee728b)  -> (artifact id: 'd9e48f2cae05ecc7a751c4d358edc523') in 0.024226 seconds
Number of updated asset objects reloaded before import = 0
Number of asset objects unloaded after import = 2
========================================================================
Received Import Request.
  Time since last request: 0.000014 seconds.
  path: Assets/DuoDraconis Dungeon Set - Wizard Laboratory/Textures/DS_WizLab_Arch_FloorE_metallic.png
  artifactKey: Guid(4e59478822314a647a8e7bc4282445f9) Importer(815301076,1909f56bfc062723c751e8b465ee728b)
Start importing Assets/DuoDraconis Dungeon Set - Wizard Laboratory/Textures/DS_WizLab_Arch_FloorE_metallic.png using Guid(4e59478822314a647a8e7bc4282445f9) Importer(815301076,1909f56bfc062723c751e8b465ee728b)  -> (artifact id: 'ef6787a1225b3b0d4ab742c9c5e116e3') in 0.019884 seconds
Number of updated asset objects reloaded before import = 0
Number of asset objects unloaded after import = 2
========================================================================
Received Import Request.
  Time since last request: 0.000016 seconds.
  path: Assets/DuoDraconis Dungeon Set - Wizard Laboratory/Textures/DS_WizLab_Arch_FloorD_ambientocclusion.png
  artifactKey: Guid(0658b251980a24d40965b7609d7cda8f) Importer(815301076,1909f56bfc062723c751e8b465ee728b)
Start importing Assets/DuoDraconis Dungeon Set - Wizard Laboratory/Textures/DS_WizLab_Arch_FloorD_ambientocclusion.png using Guid(0658b251980a24d40965b7609d7cda8f) Importer(815301076,1909f56bfc062723c751e8b465ee728b)  -> (artifact id: '7fd7d5e5d85db5da10d59c9a43cf1d7f') in 0.018559 seconds
Number of updated asset objects reloaded before import = 0
Number of asset objects unloaded after import = 2
========================================================================
Received Import Request.
  Time since last request: 0.000018 seconds.
  path: Assets/DuoDraconis Dungeon Set - Wizard Laboratory/Textures/DS_WizLab_Arch_FloorE_ambientocclusion.png
  artifactKey: Guid(95f31468b7ff50c4cb60621991d228f7) Importer(815301076,1909f56bfc062723c751e8b465ee728b)
Start importing Assets/DuoDraconis Dungeon Set - Wizard Laboratory/Textures/DS_WizLab_Arch_FloorE_ambientocclusion.png using Guid(95f31468b7ff50c4cb60621991d228f7) Importer(815301076,1909f56bfc062723c751e8b465ee728b)  -> (artifact id: 'ecc97a9855492d8fb4c5ed462ef3ab16') in 0.018399 seconds
Number of updated asset objects reloaded before import = 0
Number of asset objects unloaded after import = 2
========================================================================
Received Import Request.
  Time since last request: 0.000011 seconds.
  path: Assets/DuoDraconis Dungeon Set - Wizard Laboratory/Textures/DS_WizLab_Arch_Floor_diffuse.png
  artifactKey: Guid(9771fd51053f78640a2e480088c85afd) Importer(815301076,1909f56bfc062723c751e8b465ee728b)
Start importing Assets/DuoDraconis Dungeon Set - Wizard Laboratory/Textures/DS_WizLab_Arch_Floor_diffuse.png using Guid(9771fd51053f78640a2e480088c85afd) Importer(815301076,1909f56bfc062723c751e8b465ee728b)  -> (artifact id: '71cf7cdc444e54fbd482e14b5f67a9a2') in 0.019679 seconds
Number of updated asset objects reloaded before import = 0
Number of asset objects unloaded after import = 2
========================================================================
Received Import Request.
  Time since last request: 0.000013 seconds.
  path: Assets/DuoDraconis Dungeon Set - Wizard Laboratory/Textures/DS_WizLab_Arch_FloorB_roughness.png
  artifactKey: Guid(4554b36ffd05ffb44ae8ab368dfabf13) Importer(815301076,1909f56bfc062723c751e8b465ee728b)
Start importing Assets/DuoDraconis Dungeon Set - Wizard Laboratory/Textures/DS_WizLab_Arch_FloorB_roughness.png using Guid(4554b36ffd05ffb44ae8ab368dfabf13) Importer(815301076,1909f56bfc062723c751e8b465ee728b)  -> (artifact id: 'a3644518b5921b974246e6c2ccde29f7') in 0.019633 seconds
Number of updated asset objects reloaded before import = 0
Number of asset objects unloaded after import = 2
========================================================================
Received Import Request.
  Time since last request: 0.000011 seconds.
  path: Assets/DuoDraconis Dungeon Set - Wizard Laboratory/Textures/DS_WizLab_Arch_Staircase_ambientocclusion.png
  artifactKey: Guid(97a1d96328f2c2644aaa092bdf04bcf3) Importer(815301076,1909f56bfc062723c751e8b465ee728b)
Start importing Assets/DuoDraconis Dungeon Set - Wizard Laboratory/Textures/DS_WizLab_Arch_Staircase_ambientocclusion.png using Guid(97a1d96328f2c2644aaa092bdf04bcf3) Importer(815301076,1909f56bfc062723c751e8b465ee728b)  -> (artifact id: '5cf24d50905e3f6f006cbd58bb39af15') in 0.025375 seconds
Number of updated asset objects reloaded before import = 0
Number of asset objects unloaded after import = 2
========================================================================
Received Import Request.
  Time since last request: 0.000011 seconds.
  path: Assets/DuoDraconis Dungeon Set - Wizard Laboratory/Textures/DS_WizLab_Arch_Staircase_metallic.png
  artifactKey: Guid(2c4b38604b1ce934cb755187567b85f4) Importer(815301076,1909f56bfc062723c751e8b465ee728b)
Start importing Assets/DuoDraconis Dungeon Set - Wizard Laboratory/Textures/DS_WizLab_Arch_Staircase_metallic.png using Guid(2c4b38604b1ce934cb755187567b85f4) Importer(815301076,1909f56bfc062723c751e8b465ee728b)  -> (artifact id: 'e8e74ed44734549481d05d54836c512d') in 0.020541 seconds
Number of updated asset objects reloaded before import = 0
Number of asset objects unloaded after import = 2
========================================================================
Received Import Request.
  Time since last request: 0.000014 seconds.
  path: Assets/DuoDraconis Dungeon Set - Wizard Laboratory/Textures/DS_WizLab_Arch_Door_ambientocclusion.png
  artifactKey: Guid(79fc9c094f27a764c92d738ec4e43fc5) Importer(815301076,1909f56bfc062723c751e8b465ee728b)
Start importing Assets/DuoDraconis Dungeon Set - Wizard Laboratory/Textures/DS_WizLab_Arch_Door_ambientocclusion.png using Guid(79fc9c094f27a764c92d738ec4e43fc5) Importer(815301076,1909f56bfc062723c751e8b465ee728b)  -> (artifact id: 'a77a178612e8e97456ddc489dc81cb85') in 0.023386 seconds
Number of updated asset objects reloaded before import = 0
Number of asset objects unloaded after import = 2
========================================================================
Received Import Request.
  Time since last request: 0.000018 seconds.
  path: Assets/DuoDraconis Dungeon Set - Wizard Laboratory/Textures/DS_WizLab_Arch_FloorC_ambientocclusion.png
  artifactKey: Guid(359ae0d61005df74ca5841d7c3353105) Importer(815301076,1909f56bfc062723c751e8b465ee728b)
Start importing Assets/DuoDraconis Dungeon Set - Wizard Laboratory/Textures/DS_WizLab_Arch_FloorC_ambientocclusion.png using Guid(359ae0d61005df74ca5841d7c3353105) Importer(815301076,1909f56bfc062723c751e8b465ee728b)  -> (artifact id: '5589a1606b67e106044efc5fe153c051') in 0.020626 seconds
Number of updated asset objects reloaded before import = 0
Number of asset objects unloaded after import = 2
========================================================================
Received Import Request.
  Time since last request: 0.000011 seconds.
  path: Assets/DuoDraconis Dungeon Set - Wizard Laboratory/Textures/DS_WizLab_Arch_FloorH_roughness.png
  artifactKey: Guid(60486a030711b9e458cd8a64b916006d) Importer(815301076,1909f56bfc062723c751e8b465ee728b)
Start importing Assets/DuoDraconis Dungeon Set - Wizard Laboratory/Textures/DS_WizLab_Arch_FloorH_roughness.png using Guid(60486a030711b9e458cd8a64b916006d) Importer(815301076,1909f56bfc062723c751e8b465ee728b)  -> (artifact id: '1f046e45965ef74c793b36fc336e1cad') in 0.020114 seconds
Number of updated asset objects reloaded before import = 0
Number of asset objects unloaded after import = 2
========================================================================
Received Import Request.
  Time since last request: 0.000011 seconds.
  path: Assets/DuoDraconis Dungeon Set - Wizard Laboratory/Textures/DS_WizLab_Arch_Column_metallic.png
  artifactKey: Guid(68d9c3cd0cceb614fa13f5d583e97a7c) Importer(815301076,1909f56bfc062723c751e8b465ee728b)
Start importing Assets/DuoDraconis Dungeon Set - Wizard Laboratory/Textures/DS_WizLab_Arch_Column_metallic.png using Guid(68d9c3cd0cceb614fa13f5d583e97a7c) Importer(815301076,1909f56bfc062723c751e8b465ee728b)  -> (artifact id: '857bbcdbbfd247b697c01d0c30bf85c8') in 0.018623 seconds
Number of updated asset objects reloaded before import = 0
Number of asset objects unloaded after import = 2
========================================================================
Received Import Request.
  Time since last request: 0.000011 seconds.
  path: Assets/DuoDraconis Dungeon Set - Wizard Laboratory/Textures/DS_WizLab_Arch_FloorC_metallic.png
  artifactKey: Guid(238163ac46dbdec43859dc240c6f0e93) Importer(815301076,1909f56bfc062723c751e8b465ee728b)
Start importing Assets/DuoDraconis Dungeon Set - Wizard Laboratory/Textures/DS_WizLab_Arch_FloorC_metallic.png using Guid(238163ac46dbdec43859dc240c6f0e93) Importer(815301076,1909f56bfc062723c751e8b465ee728b)  -> (artifact id: 'e65ebd0e29b090847e7b7460a28838b7') in 0.016707 seconds
Number of updated asset objects reloaded before import = 0
Number of asset objects unloaded after import = 2
========================================================================
Received Import Request.
  Time since last request: 0.000010 seconds.
  path: Assets/DuoDraconis Dungeon Set - Wizard Laboratory/Textures/DS_WizLab_Arch_FloorJ_metallic.png
  artifactKey: Guid(b98e715be5cbe0646894da033c82e85d) Importer(815301076,1909f56bfc062723c751e8b465ee728b)
Start importing Assets/DuoDraconis Dungeon Set - Wizard Laboratory/Textures/DS_WizLab_Arch_FloorJ_metallic.png using Guid(b98e715be5cbe0646894da033c82e85d) Importer(815301076,1909f56bfc062723c751e8b465ee728b)  -> (artifact id: '52fdc85462a9380c34d8799c6dbf4241') in 0.020507 seconds
Number of updated asset objects reloaded before import = 0
Number of asset objects unloaded after import = 2
========================================================================
Received Import Request.
  Time since last request: 0.000013 seconds.
  path: Assets/DuoDraconis Dungeon Set - Wizard Laboratory/Textures/DS_WizLab_Arch_FloorK_roughness.png
  artifactKey: Guid(64b54795e5ccbf44fbf9d65a784fc02f) Importer(815301076,1909f56bfc062723c751e8b465ee728b)
Start importing Assets/DuoDraconis Dungeon Set - Wizard Laboratory/Textures/DS_WizLab_Arch_FloorK_roughness.png using Guid(64b54795e5ccbf44fbf9d65a784fc02f) Importer(815301076,1909f56bfc062723c751e8b465ee728b)  -> (artifact id: 'dcd944b8caef9ce09bfd0a0777bd8578') in 0.020559 seconds
Number of updated asset objects reloaded before import = 0
Number of asset objects unloaded after import = 2
========================================================================
Received Import Request.
  Time since last request: 0.000017 seconds.
  path: Assets/DuoDraconis Dungeon Set - Wizard Laboratory/Textures/DS_WizLab_Arch_FloorH_normal.png
  artifactKey: Guid(4420d8538f42ddc498cbe374bbf75def) Importer(815301076,1909f56bfc062723c751e8b465ee728b)
Start importing Assets/DuoDraconis Dungeon Set - Wizard Laboratory/Textures/DS_WizLab_Arch_FloorH_normal.png using Guid(4420d8538f42ddc498cbe374bbf75def) Importer(815301076,1909f56bfc062723c751e8b465ee728b)  -> (artifact id: '33cc0dd1dcdc587daf9aeb6d67f0f626') in 0.018968 seconds
Number of updated asset objects reloaded before import = 0
Number of asset objects unloaded after import = 2
========================================================================
Received Import Request.
  Time since last request: 0.000011 seconds.
  path: Assets/DuoDraconis Dungeon Set - Wizard Laboratory/Textures/DS_WizLab_Arch_Staircase_Upper_normal.png
  artifactKey: Guid(320586339607da54e803952b1e99bd6c) Importer(815301076,1909f56bfc062723c751e8b465ee728b)
Start importing Assets/DuoDraconis Dungeon Set - Wizard Laboratory/Textures/DS_WizLab_Arch_Staircase_Upper_normal.png using Guid(320586339607da54e803952b1e99bd6c) Importer(815301076,1909f56bfc062723c751e8b465ee728b)  -> (artifact id: 'b65359abb97dbabc467f6c17507b5908') in 0.023176 seconds
Number of updated asset objects reloaded before import = 0
Number of asset objects unloaded after import = 2
========================================================================
Received Import Request.
  Time since last request: 0.000011 seconds.
  path: Assets/DuoDraconis Dungeon Set - Wizard Laboratory/Textures/DS_WizLab_Arch_FloorF_metallic.png
  artifactKey: Guid(f987ffdd7af05024ba9cd08412ba740b) Importer(815301076,1909f56bfc062723c751e8b465ee728b)
Start importing Assets/DuoDraconis Dungeon Set - Wizard Laboratory/Textures/DS_WizLab_Arch_FloorF_metallic.png using Guid(f987ffdd7af05024ba9cd08412ba740b) Importer(815301076,1909f56bfc062723c751e8b465ee728b)  -> (artifact id: 'e7a9454f4836fe40594ae2199205cc22') in 0.019678 seconds
Number of updated asset objects reloaded before import = 0
Number of asset objects unloaded after import = 2
========================================================================
Received Import Request.
  Time since last request: 0.000010 seconds.
  path: Assets/DuoDraconis Dungeon Set - Wizard Laboratory/Textures/DS_WizLab_Arch_Staircase_Upper_diffuse.png
  artifactKey: Guid(be4bd51c966ef234084624cf19e937a0) Importer(815301076,1909f56bfc062723c751e8b465ee728b)
Start importing Assets/DuoDraconis Dungeon Set - Wizard Laboratory/Textures/DS_WizLab_Arch_Staircase_Upper_diffuse.png using Guid(be4bd51c966ef234084624cf19e937a0) Importer(815301076,1909f56bfc062723c751e8b465ee728b)  -> (artifact id: '59f768657e6fd6e0d468a4d2577b425a') in 0.023354 seconds
Number of updated asset objects reloaded before import = 0
Number of asset objects unloaded after import = 2
========================================================================
Received Import Request.
  Time since last request: 0.000011 seconds.
  path: Assets/DuoDraconis Dungeon Set - Wizard Laboratory/Textures/DS_WizLab_Arch_Floor_ambientocclusion.png
  artifactKey: Guid(58dbb83e8b960914e882d498b15d5b74) Importer(815301076,1909f56bfc062723c751e8b465ee728b)
Start importing Assets/DuoDraconis Dungeon Set - Wizard Laboratory/Textures/DS_WizLab_Arch_Floor_ambientocclusion.png using Guid(58dbb83e8b960914e882d498b15d5b74) Importer(815301076,1909f56bfc062723c751e8b465ee728b)  -> (artifact id: '0d459256083f1d68895e84a7971b2556') in 0.023591 seconds
Number of updated asset objects reloaded before import = 0
Number of asset objects unloaded after import = 2
========================================================================
Received Import Request.
  Time since last request: 0.000017 seconds.
  path: Assets/DuoDraconis Dungeon Set - Wizard Laboratory/Textures/DS_WizLab_Arch_FloorD_normal.png
  artifactKey: Guid(b6ad1181e8e186b43bd695bee4eeaa44) Importer(815301076,1909f56bfc062723c751e8b465ee728b)
Start importing Assets/DuoDraconis Dungeon Set - Wizard Laboratory/Textures/DS_WizLab_Arch_FloorD_normal.png using Guid(b6ad1181e8e186b43bd695bee4eeaa44) Importer(815301076,1909f56bfc062723c751e8b465ee728b)  -> (artifact id: '1995bda197284c889dd729a45eec3d7f') in 0.025292 seconds
Number of updated asset objects reloaded before import = 0
Number of asset objects unloaded after import = 2
========================================================================
Received Import Request.
  Time since last request: 0.000020 seconds.
  path: Assets/DuoDraconis Dungeon Set - Wizard Laboratory/Textures/DS_WizLab_Arch_FloorG_roughness.png
  artifactKey: Guid(0827ed6502ca50347a34d15c30136465) Importer(815301076,1909f56bfc062723c751e8b465ee728b)
Start importing Assets/DuoDraconis Dungeon Set - Wizard Laboratory/Textures/DS_WizLab_Arch_FloorG_roughness.png using Guid(0827ed6502ca50347a34d15c30136465) Importer(815301076,1909f56bfc062723c751e8b465ee728b)  -> (artifact id: 'b60893615a6efc719fcdca9dbb1ec2e6') in 0.020637 seconds
Number of updated asset objects reloaded before import = 0
Number of asset objects unloaded after import = 2
========================================================================
Received Import Request.
  Time since last request: 0.000012 seconds.
  path: Assets/DuoDraconis Dungeon Set - Wizard Laboratory/Textures/DS_WizLab_Arch_FloorD_metallic.png
  artifactKey: Guid(1e15703825baa794fadc73802b35f24f) Importer(815301076,1909f56bfc062723c751e8b465ee728b)
Start importing Assets/DuoDraconis Dungeon Set - Wizard Laboratory/Textures/DS_WizLab_Arch_FloorD_metallic.png using Guid(1e15703825baa794fadc73802b35f24f) Importer(815301076,1909f56bfc062723c751e8b465ee728b)  -> (artifact id: '85b075d7b155ba8762ffd82295212aed') in 0.021653 seconds
Number of updated asset objects reloaded before import = 0
Number of asset objects unloaded after import = 2
========================================================================
Received Import Request.
  Time since last request: 0.000394 seconds.
  path: Assets/DuoDraconis Dungeon Set - Wizard Laboratory/Textures/DS_WizLab_Arch_FloorK_diffuse.png
  artifactKey: Guid(86c513f2e347bff4ca591d062a96572f) Importer(815301076,1909f56bfc062723c751e8b465ee728b)
Start importing Assets/DuoDraconis Dungeon Set - Wizard Laboratory/Textures/DS_WizLab_Arch_FloorK_diffuse.png using Guid(86c513f2e347bff4ca591d062a96572f) Importer(815301076,1909f56bfc062723c751e8b465ee728b)  -> (artifact id: '3fb361e1fe79acdcb6eb52940926d0ed') in 0.025855 seconds
Number of updated asset objects reloaded before import = 0
Number of asset objects unloaded after import = 2
========================================================================
Received Import Request.
  Time since last request: 0.000012 seconds.
  path: Assets/DuoDraconis Dungeon Set - Wizard Laboratory/Textures/DS_WizLab_Arch_Door_diffuse.png
  artifactKey: Guid(53c11ac45d6fdc04d97bceb38c4b9f2a) Importer(815301076,1909f56bfc062723c751e8b465ee728b)
Start importing Assets/DuoDraconis Dungeon Set - Wizard Laboratory/Textures/DS_WizLab_Arch_Door_diffuse.png using Guid(53c11ac45d6fdc04d97bceb38c4b9f2a) Importer(815301076,1909f56bfc062723c751e8b465ee728b)  -> (artifact id: '05d5a1e758e27bf712ff79ad8e8130ce') in 0.024123 seconds
Number of updated asset objects reloaded before import = 0
Number of asset objects unloaded after import = 2
========================================================================
Received Import Request.
  Time since last request: 0.000014 seconds.
  path: Assets/DuoDraconis Dungeon Set - Wizard Laboratory/Textures/DS_WizLab_Arch_Column_roughness.png
  artifactKey: Guid(8971527f17749114090e1e134114df34) Importer(815301076,1909f56bfc062723c751e8b465ee728b)
Start importing Assets/DuoDraconis Dungeon Set - Wizard Laboratory/Textures/DS_WizLab_Arch_Column_roughness.png using Guid(8971527f17749114090e1e134114df34) Importer(815301076,1909f56bfc062723c751e8b465ee728b)  -> (artifact id: '2bedc3f9797eb72a50f4f82701b55468') in 0.020295 seconds
Number of updated asset objects reloaded before import = 0
Number of asset objects unloaded after import = 2
========================================================================
Received Import Request.
  Time since last request: 0.000018 seconds.
  path: Assets/DuoDraconis Dungeon Set - Wizard Laboratory/Textures/DS_WizLab_Arch_FloorF_normal.png
  artifactKey: Guid(dfab1bdb6224edf45999bcc9253b78a3) Importer(815301076,1909f56bfc062723c751e8b465ee728b)
Start importing Assets/DuoDraconis Dungeon Set - Wizard Laboratory/Textures/DS_WizLab_Arch_FloorF_normal.png using Guid(dfab1bdb6224edf45999bcc9253b78a3) Importer(815301076,1909f56bfc062723c751e8b465ee728b)  -> (artifact id: '0bf44f09703514921e942982fae94a6c') in 0.023731 seconds
Number of updated asset objects reloaded before import = 0
Number of asset objects unloaded after import = 2
========================================================================
Received Import Request.
  Time since last request: 0.000011 seconds.
  path: Assets/DuoDraconis Dungeon Set - Wizard Laboratory/Textures/DS_WizLab_Arch_FloorE_normal.png
  artifactKey: Guid(08b868649b58f804b82cbf834ed6c5f1) Importer(815301076,1909f56bfc062723c751e8b465ee728b)
Start importing Assets/DuoDraconis Dungeon Set - Wizard Laboratory/Textures/DS_WizLab_Arch_FloorE_normal.png using Guid(08b868649b58f804b82cbf834ed6c5f1) Importer(815301076,1909f56bfc062723c751e8b465ee728b)  -> (artifact id: 'c99fe3fa9d091f92d4179dc931278cd0') in 0.020259 seconds
Number of updated asset objects reloaded before import = 0
Number of asset objects unloaded after import = 2
========================================================================
Received Import Request.
  Time since last request: 0.000014 seconds.
  path: Assets/DuoDraconis Dungeon Set - Wizard Laboratory/Textures/DS_WizLab_Arch_Staircase_diffuse.png
  artifactKey: Guid(b29c243ab3170e049a6e68434986b876) Importer(815301076,1909f56bfc062723c751e8b465ee728b)
Start importing Assets/DuoDraconis Dungeon Set - Wizard Laboratory/Textures/DS_WizLab_Arch_Staircase_diffuse.png using Guid(b29c243ab3170e049a6e68434986b876) Importer(815301076,1909f56bfc062723c751e8b465ee728b)  -> (artifact id: '7f7723f0bae20168c82c68ac8bfbc918') in 0.025319 seconds
Number of updated asset objects reloaded before import = 0
Number of asset objects unloaded after import = 2
========================================================================
Received Import Request.
  Time since last request: 1.848698 seconds.
  path: Assets/DuoDraconis Dungeon Set - Wizard Laboratory/Prefab/DS_WizLab_Arch_Column.prefab
  artifactKey: Guid(56b8c7f9b214360438634cece4b24cb3) Importer(815301076,1909f56bfc062723c751e8b465ee728b)
Start importing Assets/DuoDraconis Dungeon Set - Wizard Laboratory/Prefab/DS_WizLab_Arch_Column.prefab using Guid(56b8c7f9b214360438634cece4b24cb3) Importer(815301076,1909f56bfc062723c751e8b465ee728b)  -> (artifact id: '5f896cb258009f64e8ecd810ad7ed6da') in 0.421685 seconds
Number of updated asset objects reloaded before import = 0
Number of asset objects unloaded after import = 221
========================================================================
Received Import Request.
  Time since last request: 0.000017 seconds.
  path: Assets/DuoDraconis Dungeon Set - Wizard Laboratory/Prefab/DS_WizLab_Furn_Bookcase.prefab
  artifactKey: Guid(b2212244c6834af48aeceb20fc0af214) Importer(815301076,1909f56bfc062723c751e8b465ee728b)
Start importing Assets/DuoDraconis Dungeon Set - Wizard Laboratory/Prefab/DS_WizLab_Furn_Bookcase.prefab using Guid(b2212244c6834af48aeceb20fc0af214) Importer(815301076,1909f56bfc062723c751e8b465ee728b)  -> (artifact id: 'ce5a0c73e5189f0e3ff62f64c1d0aec2') in 0.090986 seconds
Number of updated asset objects reloaded before import = 0
Number of asset objects unloaded after import = 16
========================================================================
Received Import Request.
  Time since last request: 0.000022 seconds.
  path: Assets/DuoDraconis Dungeon Set - Wizard Laboratory/Prefab/DS_WizLab_Furn_Table.prefab
  artifactKey: Guid(9700f8117d0a08b4b92e2783eef397c4) Importer(815301076,1909f56bfc062723c751e8b465ee728b)
Start importing Assets/DuoDraconis Dungeon Set - Wizard Laboratory/Prefab/DS_WizLab_Furn_Table.prefab using Guid(9700f8117d0a08b4b92e2783eef397c4) Importer(815301076,1909f56bfc062723c751e8b465ee728b)  -> (artifact id: 'eb24dffa2209e1b879183863bd6d16a9') in 0.070590 seconds
Number of updated asset objects reloaded before import = 0
Number of asset objects unloaded after import = 19
========================================================================
Received Import Request.
  Time since last request: 0.000015 seconds.
  path: Assets/DuoDraconis Dungeon Set - Wizard Laboratory/Prefab/DS_WizLab_Furn_ApothecaryRack.prefab
  artifactKey: Guid(af11fdf6b01b33b4885b5288bb69196e) Importer(815301076,1909f56bfc062723c751e8b465ee728b)
Start importing Assets/DuoDraconis Dungeon Set - Wizard Laboratory/Prefab/DS_WizLab_Furn_ApothecaryRack.prefab using Guid(af11fdf6b01b33b4885b5288bb69196e) Importer(815301076,1909f56bfc062723c751e8b465ee728b)  -> (artifact id: '9caa94eb45769ea5b0ecdb209d369d2a') in 0.040572 seconds
Number of updated asset objects reloaded before import = 0
Number of asset objects unloaded after import = 15
========================================================================
Received Import Request.
  Time since last request: 0.000012 seconds.
  path: Assets/DuoDraconis Dungeon Set - Wizard Laboratory/Prefab/DS_WizLab_Furn_Console.prefab
  artifactKey: Guid(6380e5ed848d6e7468358506dcc9e9e3) Importer(815301076,1909f56bfc062723c751e8b465ee728b)
Start importing Assets/DuoDraconis Dungeon Set - Wizard Laboratory/Prefab/DS_WizLab_Furn_Console.prefab using Guid(6380e5ed848d6e7468358506dcc9e9e3) Importer(815301076,1909f56bfc062723c751e8b465ee728b)  -> (artifact id: '3f3bdaf646edaa471ad224ad7f96cd0d') in 0.031450 seconds
Number of updated asset objects reloaded before import = 0
Number of asset objects unloaded after import = 15
========================================================================
Received Import Request.
  Time since last request: 0.000017 seconds.
  path: Assets/DuoDraconis Dungeon Set - Wizard Laboratory/Prefab/DS_WizLab_Clut_BookPileB.prefab
  artifactKey: Guid(115247fb6beda194cba8a34b5d4e4525) Importer(815301076,1909f56bfc062723c751e8b465ee728b)
Start importing Assets/DuoDraconis Dungeon Set - Wizard Laboratory/Prefab/DS_WizLab_Clut_BookPileB.prefab using Guid(115247fb6beda194cba8a34b5d4e4525) Importer(815301076,1909f56bfc062723c751e8b465ee728b)  -> (artifact id: '46073c2a7537b2f75ad0b00042172e4f') in 0.052907 seconds
Number of updated asset objects reloaded before import = 0
Number of asset objects unloaded after import = 15
========================================================================
Received Import Request.
  Time since last request: 0.000019 seconds.
  path: Assets/DuoDraconis Dungeon Set - Wizard Laboratory/Prefab/DS_WizLab_Arch_FloorE.prefab
  artifactKey: Guid(233d049c24717514e96a2d89b9fc0384) Importer(815301076,1909f56bfc062723c751e8b465ee728b)
Start importing Assets/DuoDraconis Dungeon Set - Wizard Laboratory/Prefab/DS_WizLab_Arch_FloorE.prefab using Guid(233d049c24717514e96a2d89b9fc0384) Importer(815301076,1909f56bfc062723c751e8b465ee728b)  -> (artifact id: 'ca28fbba59ebc3b7f694e2d287278769') in 0.047683 seconds
Number of updated asset objects reloaded before import = 0
Number of asset objects unloaded after import = 35
========================================================================
Received Import Request.
  Time since last request: 0.000015 seconds.
  path: Assets/DuoDraconis Dungeon Set - Wizard Laboratory/Prefab/DS_WizLab_Clut_SmallCauldron.prefab
  artifactKey: Guid(3daae1bb716fcae4eba26e2d822bd012) Importer(815301076,1909f56bfc062723c751e8b465ee728b)
Start importing Assets/DuoDraconis Dungeon Set - Wizard Laboratory/Prefab/DS_WizLab_Clut_SmallCauldron.prefab using Guid(3daae1bb716fcae4eba26e2d822bd012) Importer(815301076,1909f56bfc062723c751e8b465ee728b)  -> (artifact id: 'a4ab1d0f6f84593531035b8d297819a1') in 0.047078 seconds
Number of updated asset objects reloaded before import = 0
Number of asset objects unloaded after import = 15
========================================================================
Received Import Request.
  Time since last request: 0.000014 seconds.
  path: Assets/DuoDraconis Dungeon Set - Wizard Laboratory/Prefab/DS_WizLab_Clut_TestTube.prefab
  artifactKey: Guid(3a91c7d481987ff44b99c2dfcf2719b8) Importer(815301076,1909f56bfc062723c751e8b465ee728b)
Start importing Assets/DuoDraconis Dungeon Set - Wizard Laboratory/Prefab/DS_WizLab_Clut_TestTube.prefab using Guid(3a91c7d481987ff44b99c2dfcf2719b8) Importer(815301076,1909f56bfc062723c751e8b465ee728b)  -> (artifact id: '0e59a73449c68ac7002da5015bad0b53') in 0.041151 seconds
Number of updated asset objects reloaded before import = 0
Number of asset objects unloaded after import = 22
========================================================================
Received Import Request.
  Time since last request: 0.000015 seconds.
  path: Assets/DuoDraconis Dungeon Set - Wizard Laboratory/Prefab/DS_WizLab_Clut_ProbesIngot_00.prefab
  artifactKey: Guid(1fbe03409c50b35479c4797324ca669e) Importer(815301076,1909f56bfc062723c751e8b465ee728b)
Start importing Assets/DuoDraconis Dungeon Set - Wizard Laboratory/Prefab/DS_WizLab_Clut_ProbesIngot_00.prefab using Guid(1fbe03409c50b35479c4797324ca669e) Importer(815301076,1909f56bfc062723c751e8b465ee728b)  -> (artifact id: '73926e99f2668351c7cb0f0f8f4a67e6') in 0.035306 seconds
Number of updated asset objects reloaded before import = 0
Number of asset objects unloaded after import = 17
========================================================================
Received Import Request.
  Time since last request: 0.000019 seconds.
  path: Assets/DuoDraconis Dungeon Set - Wizard Laboratory/Prefab/DS_WizLab_Clut_ProbesHorns.prefab
  artifactKey: Guid(395a61ee2aead2b41b7f50b0adacc36b) Importer(815301076,1909f56bfc062723c751e8b465ee728b)
Start importing Assets/DuoDraconis Dungeon Set - Wizard Laboratory/Prefab/DS_WizLab_Clut_ProbesHorns.prefab using Guid(395a61ee2aead2b41b7f50b0adacc36b) Importer(815301076,1909f56bfc062723c751e8b465ee728b)  -> (artifact id: '290db9ffcdfe6ed67bd4c1929a43f0cc') in 0.047568 seconds
Number of updated asset objects reloaded before import = 0
Number of asset objects unloaded after import = 16
========================================================================
Received Import Request.
  Time since last request: 0.000012 seconds.
  path: Assets/DuoDraconis Dungeon Set - Wizard Laboratory/Prefab/DS_WizLab_Clut_ScrollPile.prefab
  artifactKey: Guid(19ee3c3e8c970c54ead23cc8b197c8bf) Importer(815301076,1909f56bfc062723c751e8b465ee728b)
Start importing Assets/DuoDraconis Dungeon Set - Wizard Laboratory/Prefab/DS_WizLab_Clut_ScrollPile.prefab using Guid(19ee3c3e8c970c54ead23cc8b197c8bf) Importer(815301076,1909f56bfc062723c751e8b465ee728b)  -> (artifact id: '1177c8fe604f681b3c1a5f2ab4529888') in 0.041376 seconds
Number of updated asset objects reloaded before import = 0
Number of asset objects unloaded after import = 15
========================================================================
Received Import Request.
  Time since last request: 0.000016 seconds.
  path: Assets/DuoDraconis Dungeon Set - Wizard Laboratory/Prefab/DS_WizLab_Arch_FloorD.prefab
  artifactKey: Guid(a8fc792e5edd3d44d9edd7908207eed7) Importer(815301076,1909f56bfc062723c751e8b465ee728b)
Start importing Assets/DuoDraconis Dungeon Set - Wizard Laboratory/Prefab/DS_WizLab_Arch_FloorD.prefab using Guid(a8fc792e5edd3d44d9edd7908207eed7) Importer(815301076,1909f56bfc062723c751e8b465ee728b)  -> (artifact id: '22d8837efab9cbdc2f4faa50c7c9e457') in 0.033026 seconds
Number of updated asset objects reloaded before import = 0
Number of asset objects unloaded after import = 35
========================================================================
Received Import Request.
  Time since last request: 0.000016 seconds.
  path: Assets/DuoDraconis Dungeon Set - Wizard Laboratory/Prefab/DS_WizLab_Arch_Door.prefab
  artifactKey: Guid(75d18c2208fcb0240a8075aeb0040cdb) Importer(815301076,1909f56bfc062723c751e8b465ee728b)
Start importing Assets/DuoDraconis Dungeon Set - Wizard Laboratory/Prefab/DS_WizLab_Arch_Door.prefab using Guid(75d18c2208fcb0240a8075aeb0040cdb) Importer(815301076,1909f56bfc062723c751e8b465ee728b)  -> (artifact id: '12db5be2ffff9e43394ec65be998aa6a') in 0.080963 seconds
Number of updated asset objects reloaded before import = 0
Number of asset objects unloaded after import = 46
========================================================================
Received Import Request.
  Time since last request: 0.000020 seconds.
  path: Assets/DuoDraconis Dungeon Set - Wizard Laboratory/Prefab/DS_WizLab_Arch_WindowC_01.prefab
  artifactKey: Guid(75fe1b5d4be0ff44fa6cf5af5fa55af1) Importer(815301076,1909f56bfc062723c751e8b465ee728b)
Start importing Assets/DuoDraconis Dungeon Set - Wizard Laboratory/Prefab/DS_WizLab_Arch_WindowC_01.prefab using Guid(75fe1b5d4be0ff44fa6cf5af5fa55af1) Importer(815301076,1909f56bfc062723c751e8b465ee728b)  -> (artifact id: '56bbffdb425b0c732da17f9a0fa9843b') in 0.100352 seconds
Number of updated asset objects reloaded before import = 0
Number of asset objects unloaded after import = 65
========================================================================
Received Import Request.
  Time since last request: 0.000012 seconds.
  path: Assets/DuoDraconis Dungeon Set - Wizard Laboratory/Prefab/DS_WizLab_Arch_Staircase.prefab
  artifactKey: Guid(d36e248415c714f4c8fac0b232e5a817) Importer(815301076,1909f56bfc062723c751e8b465ee728b)
Start importing Assets/DuoDraconis Dungeon Set - Wizard Laboratory/Prefab/DS_WizLab_Arch_Staircase.prefab using Guid(d36e248415c714f4c8fac0b232e5a817) Importer(815301076,1909f56bfc062723c751e8b465ee728b)  -> (artifact id: 'e9437dc62fa989a326a1d7cead71432f') in 0.040542 seconds
Number of updated asset objects reloaded before import = 0
Number of asset objects unloaded after import = 28
========================================================================
Received Import Request.
  Time since last request: 0.000012 seconds.
  path: Assets/DuoDraconis Dungeon Set - Wizard Laboratory/Prefab/DS_WizLab_Clut_ChalkBoard_00.prefab
  artifactKey: Guid(7b1d73a3f336f1747a04126d92d32194) Importer(815301076,1909f56bfc062723c751e8b465ee728b)
Start importing Assets/DuoDraconis Dungeon Set - Wizard Laboratory/Prefab/DS_WizLab_Clut_ChalkBoard_00.prefab using Guid(7b1d73a3f336f1747a04126d92d32194) Importer(815301076,1909f56bfc062723c751e8b465ee728b)  -> (artifact id: 'ccb6d13997a919b1e909a82df21b2974') in 0.033342 seconds
Number of updated asset objects reloaded before import = 0
Number of asset objects unloaded after import = 16
========================================================================
Received Import Request.
  Time since last request: 0.000015 seconds.
  path: Assets/DuoDraconis Dungeon Set - Wizard Laboratory/Prefab/DS_WizLab_Arch_FloorA.prefab
  artifactKey: Guid(7de704462ecc2c64a84fb2b15c25e0b0) Importer(815301076,1909f56bfc062723c751e8b465ee728b)
Start importing Assets/DuoDraconis Dungeon Set - Wizard Laboratory/Prefab/DS_WizLab_Arch_FloorA.prefab using Guid(7de704462ecc2c64a84fb2b15c25e0b0) Importer(815301076,1909f56bfc062723c751e8b465ee728b)  -> (artifact id: 'b4f6a42f2558903cb7a71638ff435f88') in 0.039171 seconds
Number of updated asset objects reloaded before import = 0
Number of asset objects unloaded after import = 35
========================================================================
Received Import Request.
  Time since last request: 0.000020 seconds.
  path: Assets/DuoDraconis Dungeon Set - Wizard Laboratory/Prefab/DS_WizLab_Arch_FloorG.prefab
  artifactKey: Guid(41fd5ded305d4aa48bf3512b04b7260f) Importer(815301076,1909f56bfc062723c751e8b465ee728b)
Start importing Assets/DuoDraconis Dungeon Set - Wizard Laboratory/Prefab/DS_WizLab_Arch_FloorG.prefab using Guid(41fd5ded305d4aa48bf3512b04b7260f) Importer(815301076,1909f56bfc062723c751e8b465ee728b)  -> (artifact id: '6847ae5cf689601fb7e9d84ad9cbc5fb') in 0.039751 seconds
Number of updated asset objects reloaded before import = 0
Number of asset objects unloaded after import = 35
========================================================================
Received Import Request.
  Time since last request: 0.000015 seconds.
  path: Assets/DuoDraconis Dungeon Set - Wizard Laboratory/Prefab/DS_WizLab_Arch_Filler.prefab
  artifactKey: Guid(7657876ec22c15041b521ee534227e95) Importer(815301076,1909f56bfc062723c751e8b465ee728b)
Start importing Assets/DuoDraconis Dungeon Set - Wizard Laboratory/Prefab/DS_WizLab_Arch_Filler.prefab using Guid(7657876ec22c15041b521ee534227e95) Importer(815301076,1909f56bfc062723c751e8b465ee728b)  -> (artifact id: 'aabf0593dc1b2a7e11fbc21f37699aa7') in 0.049734 seconds
Number of updated asset objects reloaded before import = 0
Number of asset objects unloaded after import = 21
========================================================================
Received Import Request.
  Time since last request: 0.000016 seconds.
  path: Assets/DuoDraconis Dungeon Set - Wizard Laboratory/Prefab/DS_WizLab_Arch_WindowC_00.prefab
  artifactKey: Guid(1cfb1eafac153294da5285df0554b383) Importer(815301076,1909f56bfc062723c751e8b465ee728b)
Start importing Assets/DuoDraconis Dungeon Set - Wizard Laboratory/Prefab/DS_WizLab_Arch_WindowC_00.prefab using Guid(1cfb1eafac153294da5285df0554b383) Importer(815301076,1909f56bfc062723c751e8b465ee728b)  -> (artifact id: 'b8014401369caca317d4a83fea79993b') in 0.090739 seconds
Number of updated asset objects reloaded before import = 0
Number of asset objects unloaded after import = 65
========================================================================
Received Import Request.
  Time since last request: 0.000014 seconds.
  path: Assets/DuoDraconis Dungeon Set - Wizard Laboratory/Prefab/DS_WizLab_Clut_ContraptionB.prefab
  artifactKey: Guid(222b7eaaf8b78174f84916500a29a7ff) Importer(815301076,1909f56bfc062723c751e8b465ee728b)
Start importing Assets/DuoDraconis Dungeon Set - Wizard Laboratory/Prefab/DS_WizLab_Clut_ContraptionB.prefab using Guid(222b7eaaf8b78174f84916500a29a7ff) Importer(815301076,1909f56bfc062723c751e8b465ee728b)  -> (artifact id: '4b5c3133478814f0c1be3fa6a8fbaf2e') in 0.037865 seconds
Number of updated asset objects reloaded before import = 0
Number of asset objects unloaded after import = 18
========================================================================
Received Import Request.
  Time since last request: 0.000021 seconds.
  path: Assets/DuoDraconis Dungeon Set - Wizard Laboratory/Prefab/DS_WizLab_Furn_DeskChair.prefab
  artifactKey: Guid(4141d4ad520cac146a29ad13c0bcf75e) Importer(815301076,1909f56bfc062723c751e8b465ee728b)
Start importing Assets/DuoDraconis Dungeon Set - Wizard Laboratory/Prefab/DS_WizLab_Furn_DeskChair.prefab using Guid(4141d4ad520cac146a29ad13c0bcf75e) Importer(815301076,1909f56bfc062723c751e8b465ee728b)  -> (artifact id: 'e837fc8ff1de52986b3560f579203994') in 0.035409 seconds
Number of updated asset objects reloaded before import = 0
Number of asset objects unloaded after import = 18
========================================================================
Received Import Request.
  Time since last request: 0.000029 seconds.
  path: Assets/DuoDraconis Dungeon Set - Wizard Laboratory/Prefab/DS_WizLab_Clut_BookPileC.prefab
  artifactKey: Guid(176d611c5de0a174290393ec978193f2) Importer(815301076,1909f56bfc062723c751e8b465ee728b)
Start importing Assets/DuoDraconis Dungeon Set - Wizard Laboratory/Prefab/DS_WizLab_Clut_BookPileC.prefab using Guid(176d611c5de0a174290393ec978193f2) Importer(815301076,1909f56bfc062723c751e8b465ee728b)  -> (artifact id: '64c3e2487315bda36e9e2207bb4b64bb') in 0.044694 seconds
Number of updated asset objects reloaded before import = 0
Number of asset objects unloaded after import = 15
========================================================================
Received Import Request.
  Time since last request: 0.000016 seconds.
  path: Assets/DuoDraconis Dungeon Set - Wizard Laboratory/Prefab/DS_WizLab_Clut_ContraptionA.prefab
  artifactKey: Guid(9ca055ecd278a334c9e55d4ed4f8744b) Importer(815301076,1909f56bfc062723c751e8b465ee728b)
Start importing Assets/DuoDraconis Dungeon Set - Wizard Laboratory/Prefab/DS_WizLab_Clut_ContraptionA.prefab using Guid(9ca055ecd278a334c9e55d4ed4f8744b) Importer(815301076,1909f56bfc062723c751e8b465ee728b)  -> (artifact id: 'dd6dca13efd33f7eede9f107acbd6098') in 0.033893 seconds
Number of updated asset objects reloaded before import = 0
Number of asset objects unloaded after import = 15
========================================================================
Received Import Request.
  Time since last request: 0.000016 seconds.
  path: Assets/DuoDraconis Dungeon Set - Wizard Laboratory/Prefab/DS_WizLab_Clut_ProbesIngot_03.prefab
  artifactKey: Guid(2291bce0521c2b845b1cff958230a385) Importer(815301076,1909f56bfc062723c751e8b465ee728b)
Start importing Assets/DuoDraconis Dungeon Set - Wizard Laboratory/Prefab/DS_WizLab_Clut_ProbesIngot_03.prefab using Guid(2291bce0521c2b845b1cff958230a385) Importer(815301076,1909f56bfc062723c751e8b465ee728b)  -> (artifact id: 'b31c9fc8fbb48cfc1433c91761054d5c') in 0.034434 seconds
Number of updated asset objects reloaded before import = 0
Number of asset objects unloaded after import = 29
========================================================================
Received Import Request.
  Time since last request: 0.000019 seconds.
  path: Assets/DuoDraconis Dungeon Set - Wizard Laboratory/Prefab/DS_WizLab_Clut_ProbesIngot_02.prefab
  artifactKey: Guid(e6864efe5ece8e746bab700c0e86c961) Importer(815301076,1909f56bfc062723c751e8b465ee728b)
Start importing Assets/DuoDraconis Dungeon Set - Wizard Laboratory/Prefab/DS_WizLab_Clut_ProbesIngot_02.prefab using Guid(e6864efe5ece8e746bab700c0e86c961) Importer(815301076,1909f56bfc062723c751e8b465ee728b)  -> (artifact id: '57d9545ad60aa3a5201e1fffd8301851') in 0.033223 seconds
Number of updated asset objects reloaded before import = 0
Number of asset objects unloaded after import = 29
========================================================================
Received Import Request.
  Time since last request: 0.000013 seconds.
  path: Assets/DuoDraconis Dungeon Set - Wizard Laboratory/Prefab/DS_WizLab_Arch_Wall.prefab
  artifactKey: Guid(df60c88c1c121b041af8c5078f50586c) Importer(815301076,1909f56bfc062723c751e8b465ee728b)
Start importing Assets/DuoDraconis Dungeon Set - Wizard Laboratory/Prefab/DS_WizLab_Arch_Wall.prefab using Guid(df60c88c1c121b041af8c5078f50586c) Importer(815301076,1909f56bfc062723c751e8b465ee728b)  -> (artifact id: 'e5e8b5b0fde5f0c901f3e51903aa62f0') in 0.040955 seconds
Number of updated asset objects reloaded before import = 0
Number of asset objects unloaded after import = 21
========================================================================
Received Import Request.
  Time since last request: 0.000017 seconds.
  path: Assets/DuoDraconis Dungeon Set - Wizard Laboratory/Prefab/DS_WizLab_Arch_WindowF.prefab
  artifactKey: Guid(59b5ee35bc5289e4892c185b5a0becf0) Importer(815301076,1909f56bfc062723c751e8b465ee728b)
Start importing Assets/DuoDraconis Dungeon Set - Wizard Laboratory/Prefab/DS_WizLab_Arch_WindowF.prefab using Guid(59b5ee35bc5289e4892c185b5a0becf0) Importer(815301076,1909f56bfc062723c751e8b465ee728b)  -> (artifact id: '2b54bab7989d3f4bf8c1b0ae94d1bd53') in 0.071576 seconds
Number of updated asset objects reloaded before import = 0
Number of asset objects unloaded after import = 43
========================================================================
Received Import Request.
  Time since last request: 0.000015 seconds.
  path: Assets/DuoDraconis Dungeon Set - Wizard Laboratory/Prefab/DS_WizLab_Arch_FloorK.prefab
  artifactKey: Guid(79c1ae81a0dbbd040b65bb16dda73717) Importer(815301076,1909f56bfc062723c751e8b465ee728b)
Start importing Assets/DuoDraconis Dungeon Set - Wizard Laboratory/Prefab/DS_WizLab_Arch_FloorK.prefab using Guid(79c1ae81a0dbbd040b65bb16dda73717) Importer(815301076,1909f56bfc062723c751e8b465ee728b)  -> (artifact id: '977a51f0a12cd118f654858a25b5524e') in 0.034339 seconds
Number of updated asset objects reloaded before import = 0
Number of asset objects unloaded after import = 35
========================================================================
Received Import Request.
  Time since last request: 0.000019 seconds.
  path: Assets/DuoDraconis Dungeon Set - Wizard Laboratory/Prefab/DS_WizLab_Clut_ProbesCrystal.prefab
  artifactKey: Guid(a02bf746dc47de4488477a554d51125d) Importer(815301076,1909f56bfc062723c751e8b465ee728b)
Start importing Assets/DuoDraconis Dungeon Set - Wizard Laboratory/Prefab/DS_WizLab_Clut_ProbesCrystal.prefab using Guid(a02bf746dc47de4488477a554d51125d) Importer(815301076,1909f56bfc062723c751e8b465ee728b)  -> (artifact id: '75c5b35589b644e8208035cd3e846ca2') in 0.032837 seconds
Number of updated asset objects reloaded before import = 0
Number of asset objects unloaded after import = 16
========================================================================
Received Import Request.
  Time since last request: 1.042678 seconds.
  path: Assets/DuoDraconis Dungeon Set - Wizard Laboratory/Material/DS_WizLab_Arch_Door.mat
  artifactKey: Guid(487857752b3cd8d40b9b0ce22dfdc1d1) Importer(815301076,1909f56bfc062723c751e8b465ee728b)
Start importing Assets/DuoDraconis Dungeon Set - Wizard Laboratory/Material/DS_WizLab_Arch_Door.mat using Guid(487857752b3cd8d40b9b0ce22dfdc1d1) Importer(815301076,1909f56bfc062723c751e8b465ee728b)  -> (artifact id: '2ef6c9584e68fdae03c8862ce370f5f6') in 0.063700 seconds
Number of updated asset objects reloaded before import = 0
Number of asset objects unloaded after import = 7
========================================================================
Received Import Request.
  Time since last request: 0.000016 seconds.
  path: Assets/DuoDraconis Dungeon Set - Wizard Laboratory/Material/DS_WizLab_Furn_ApothecaryRack.mat
  artifactKey: Guid(dc4805081fcafe748a4e5c6eaff57b15) Importer(815301076,1909f56bfc062723c751e8b465ee728b)
Start importing Assets/DuoDraconis Dungeon Set - Wizard Laboratory/Material/DS_WizLab_Furn_ApothecaryRack.mat using Guid(dc4805081fcafe748a4e5c6eaff57b15) Importer(815301076,1909f56bfc062723c751e8b465ee728b)  -> (artifact id: '21d9e212cc0ab3fc663f92a63fa75a02') in 0.035771 seconds
Number of updated asset objects reloaded before import = 0
Number of asset objects unloaded after import = 7
========================================================================
Received Import Request.
  Time since last request: 0.000017 seconds.
  path: Assets/DuoDraconis Dungeon Set - Wizard Laboratory/Material/DS_WizLab_Furn_Bookcase.mat
  artifactKey: Guid(1b5cf21bb0150594c92c3b7e520412a4) Importer(815301076,1909f56bfc062723c751e8b465ee728b)
Start importing Assets/DuoDraconis Dungeon Set - Wizard Laboratory/Material/DS_WizLab_Furn_Bookcase.mat using Guid(1b5cf21bb0150594c92c3b7e520412a4) Importer(815301076,1909f56bfc062723c751e8b465ee728b)  -> (artifact id: 'd105c66a57b8bc35f13dbcf593c47d3e') in 0.065071 seconds
Number of updated asset objects reloaded before import = 0
Number of asset objects unloaded after import = 7
========================================================================
Received Import Request.
  Time since last request: 0.000019 seconds.
  path: Assets/DuoDraconis Dungeon Set - Wizard Laboratory/Material/DS_WizLab_Clut_BookPile.mat
  artifactKey: Guid(e33215d51ca934d4c83b6443930b9b5f) Importer(815301076,1909f56bfc062723c751e8b465ee728b)
Start importing Assets/DuoDraconis Dungeon Set - Wizard Laboratory/Material/DS_WizLab_Clut_BookPile.mat using Guid(e33215d51ca934d4c83b6443930b9b5f) Importer(815301076,1909f56bfc062723c751e8b465ee728b)  -> (artifact id: 'a756f6682af41e234879cdaeef1321de') in 0.045140 seconds
Number of updated asset objects reloaded before import = 0
Number of asset objects unloaded after import = 7
========================================================================
Received Import Request.
  Time since last request: 0.000015 seconds.
  path: Assets/DuoDraconis Dungeon Set - Wizard Laboratory/Material/DS_WizLab_Clut_Map.mat
  artifactKey: Guid(3f10423cecf773b488d39d65eae0c8a4) Importer(815301076,1909f56bfc062723c751e8b465ee728b)
Start importing Assets/DuoDraconis Dungeon Set - Wizard Laboratory/Material/DS_WizLab_Clut_Map.mat using Guid(3f10423cecf773b488d39d65eae0c8a4) Importer(815301076,1909f56bfc062723c751e8b465ee728b)  -> (artifact id: '43a78c21633fa7d124cb33cb7d6de682') in 0.035487 seconds
Number of updated asset objects reloaded before import = 0
Number of asset objects unloaded after import = 7
========================================================================
Received Import Request.
  Time since last request: 0.000012 seconds.
  path: Assets/DuoDraconis Dungeon Set - Wizard Laboratory/Material/DS_WizLab_Arch_Wall.mat
  artifactKey: Guid(091c16f5ec7fc09418871c90b0ab018c) Importer(815301076,1909f56bfc062723c751e8b465ee728b)
Start importing Assets/DuoDraconis Dungeon Set - Wizard Laboratory/Material/DS_WizLab_Arch_Wall.mat using Guid(091c16f5ec7fc09418871c90b0ab018c) Importer(815301076,1909f56bfc062723c751e8b465ee728b)  -> (artifact id: '2fd0fe9ce1e0f21bfcaeb4117c53674f') in 0.042236 seconds
Number of updated asset objects reloaded before import = 0
Number of asset objects unloaded after import = 7
========================================================================
Received Import Request.
  Time since last request: 0.000014 seconds.
  path: Assets/DuoDraconis Dungeon Set - Wizard Laboratory/Material/DS_WizLab_Furn_Console.mat
  artifactKey: Guid(2c16e99c9296eb942945ebcffed26ad7) Importer(815301076,1909f56bfc062723c751e8b465ee728b)
Start importing Assets/DuoDraconis Dungeon Set - Wizard Laboratory/Material/DS_WizLab_Furn_Console.mat using Guid(2c16e99c9296eb942945ebcffed26ad7) Importer(815301076,1909f56bfc062723c751e8b465ee728b)  -> (artifact id: '13b96b22e7986fe4da96444ba3a9d361') in 0.026361 seconds
Number of updated asset objects reloaded before import = 0
Number of asset objects unloaded after import = 7
========================================================================
Received Import Request.
  Time since last request: 0.000017 seconds.
  path: Assets/DuoDraconis Dungeon Set - Wizard Laboratory/Material/DS_WizLab_Clut_SmallChest.mat
  artifactKey: Guid(133f86fda2465dc4a9cd23670bf3907d) Importer(815301076,1909f56bfc062723c751e8b465ee728b)
Start importing Assets/DuoDraconis Dungeon Set - Wizard Laboratory/Material/DS_WizLab_Clut_SmallChest.mat using Guid(133f86fda2465dc4a9cd23670bf3907d) Importer(815301076,1909f56bfc062723c751e8b465ee728b)  -> (artifact id: '5759cc7a6bb2946166522dcf14fb638b') in 0.029845 seconds
Number of updated asset objects reloaded before import = 0
Number of asset objects unloaded after import = 7
========================================================================
Received Import Request.
  Time since last request: 0.000012 seconds.
  path: Assets/DuoDraconis Dungeon Set - Wizard Laboratory/Material/DS_WizLab_Arch_FloorG.mat
  artifactKey: Guid(dadd1636d8b2a8245933dc55e9097f5a) Importer(815301076,1909f56bfc062723c751e8b465ee728b)
Start importing Assets/DuoDraconis Dungeon Set - Wizard Laboratory/Material/DS_WizLab_Arch_FloorG.mat using Guid(dadd1636d8b2a8245933dc55e9097f5a) Importer(815301076,1909f56bfc062723c751e8b465ee728b)  -> (artifact id: 'f2765ae3a1195ec1f68480bfd7ff9bd0') in 0.024361 seconds
Number of updated asset objects reloaded before import = 0
Number of asset objects unloaded after import = 7
========================================================================
Received Import Request.
  Time since last request: 0.000014 seconds.
  path: Assets/DuoDraconis Dungeon Set - Wizard Laboratory/Material/DS_WizLab_Arch_FloorF.mat
  artifactKey: Guid(a90bb720ff0326b43bcf3f0f387dee26) Importer(815301076,1909f56bfc062723c751e8b465ee728b)
Start importing Assets/DuoDraconis Dungeon Set - Wizard Laboratory/Material/DS_WizLab_Arch_FloorF.mat using Guid(a90bb720ff0326b43bcf3f0f387dee26) Importer(815301076,1909f56bfc062723c751e8b465ee728b)  -> (artifact id: 'ba3f4ae61e5067d3b5adf16e08dd9271') in 0.019616 seconds
Number of updated asset objects reloaded before import = 0
Number of asset objects unloaded after import = 7
========================================================================
Received Import Request.
  Time since last request: 0.000012 seconds.
  path: Assets/DuoDraconis Dungeon Set - Wizard Laboratory/Material/DS_WizLab_Arch_WindowB_Glass_01.mat
  artifactKey: Guid(2ab013322b31b7d4dad12469893ac8c5) Importer(815301076,1909f56bfc062723c751e8b465ee728b)
Start importing Assets/DuoDraconis Dungeon Set - Wizard Laboratory/Material/DS_WizLab_Arch_WindowB_Glass_01.mat using Guid(2ab013322b31b7d4dad12469893ac8c5) Importer(815301076,1909f56bfc062723c751e8b465ee728b)  -> (artifact id: '4f4b517740d0d769230a72e8ed2d6858') in 0.025060 seconds
Number of updated asset objects reloaded before import = 0
Number of asset objects unloaded after import = 7
========================================================================
Received Import Request.
  Time since last request: 0.000013 seconds.
  path: Assets/DuoDraconis Dungeon Set - Wizard Laboratory/Material/DS_WizLab_Clut_ChalkBoard_00.mat
  artifactKey: Guid(2ee8d6b164d51524a9ec7c7e6a74035b) Importer(815301076,1909f56bfc062723c751e8b465ee728b)
Start importing Assets/DuoDraconis Dungeon Set - Wizard Laboratory/Material/DS_WizLab_Clut_ChalkBoard_00.mat using Guid(2ee8d6b164d51524a9ec7c7e6a74035b) Importer(815301076,1909f56bfc062723c751e8b465ee728b)  -> (artifact id: '7f6f999e20f645554b372614ebfe40f7') in 0.037384 seconds
Number of updated asset objects reloaded before import = 0
Number of asset objects unloaded after import = 7
========================================================================
Received Import Request.
  Time since last request: 0.000017 seconds.
  path: Assets/DuoDraconis Dungeon Set - Wizard Laboratory/Material/DS_WizLab_Furn_Chimney.mat
  artifactKey: Guid(bbc3abcd0ea0a3e4b8ca287ae4f994c8) Importer(815301076,1909f56bfc062723c751e8b465ee728b)
Start importing Assets/DuoDraconis Dungeon Set - Wizard Laboratory/Material/DS_WizLab_Furn_Chimney.mat using Guid(bbc3abcd0ea0a3e4b8ca287ae4f994c8) Importer(815301076,1909f56bfc062723c751e8b465ee728b)  -> (artifact id: '5d92e0a2dd71f769931cc037099c7d71') in 0.030632 seconds
Number of updated asset objects reloaded before import = 0
Number of asset objects unloaded after import = 7
========================================================================
Received Import Request.
  Time since last request: 0.000012 seconds.
  path: Assets/DuoDraconis Dungeon Set - Wizard Laboratory/Material/DS_WizLab_Clut_MortarAndPestal.mat
  artifactKey: Guid(5a0b1d456e5086d4c9b2238492f15634) Importer(815301076,1909f56bfc062723c751e8b465ee728b)
Start importing Assets/DuoDraconis Dungeon Set - Wizard Laboratory/Material/DS_WizLab_Clut_MortarAndPestal.mat using Guid(5a0b1d456e5086d4c9b2238492f15634) Importer(815301076,1909f56bfc062723c751e8b465ee728b)  -> (artifact id: 'ffc1a0bd4e46b000eab7ba9e918ae61e') in 0.033466 seconds
Number of updated asset objects reloaded before import = 0
Number of asset objects unloaded after import = 7
========================================================================
Received Import Request.
  Time since last request: 0.000013 seconds.
  path: Assets/DuoDraconis Dungeon Set - Wizard Laboratory/Material/DS_WizLab_Arch_WindowF_Glass.mat
  artifactKey: Guid(5ce048687dc75ad43be6ade17b6044de) Importer(815301076,1909f56bfc062723c751e8b465ee728b)
Start importing Assets/DuoDraconis Dungeon Set - Wizard Laboratory/Material/DS_WizLab_Arch_WindowF_Glass.mat using Guid(5ce048687dc75ad43be6ade17b6044de) Importer(815301076,1909f56bfc062723c751e8b465ee728b)  -> (artifact id: 'c07f7e26d36835639577d5d86c00f592') in 0.026914 seconds
Number of updated asset objects reloaded before import = 0
Number of asset objects unloaded after import = 7
========================================================================
Received Import Request.
  Time since last request: 0.000019 seconds.
  path: Assets/DuoDraconis Dungeon Set - Wizard Laboratory/Material/DS_WizLab_Clut_ProbesIngot_02.mat
  artifactKey: Guid(821d071c705931541a7d338a8a323d19) Importer(815301076,1909f56bfc062723c751e8b465ee728b)
Start importing Assets/DuoDraconis Dungeon Set - Wizard Laboratory/Material/DS_WizLab_Clut_ProbesIngot_02.mat using Guid(821d071c705931541a7d338a8a323d19) Importer(815301076,1909f56bfc062723c751e8b465ee728b)  -> (artifact id: 'a1455f17a8dc68c281ac0b891dc049f2') in 0.031760 seconds
Number of updated asset objects reloaded before import = 0
Number of asset objects unloaded after import = 7
========================================================================
Received Import Request.
  Time since last request: 0.000019 seconds.
  path: Assets/DuoDraconis Dungeon Set - Wizard Laboratory/Material/DS_WizLab_Arch_WindowA.mat
  artifactKey: Guid(38c8e5a36f17b2b4dacad740704c7312) Importer(815301076,1909f56bfc062723c751e8b465ee728b)
Start importing Assets/DuoDraconis Dungeon Set - Wizard Laboratory/Material/DS_WizLab_Arch_WindowA.mat using Guid(38c8e5a36f17b2b4dacad740704c7312) Importer(815301076,1909f56bfc062723c751e8b465ee728b)  -> (artifact id: '64a76c6716689d796997478cbc87779d') in 0.029642 seconds
Number of updated asset objects reloaded before import = 0
Number of asset objects unloaded after import = 7
========================================================================
Received Import Request.
  Time since last request: 0.000013 seconds.
  path: Assets/DuoDraconis Dungeon Set - Wizard Laboratory/Material/DS_WizLab_Furn_SideTable.mat
  artifactKey: Guid(8f7ef56b7326d024c8b4481820ee9364) Importer(815301076,1909f56bfc062723c751e8b465ee728b)
Start importing Assets/DuoDraconis Dungeon Set - Wizard Laboratory/Material/DS_WizLab_Furn_SideTable.mat using Guid(8f7ef56b7326d024c8b4481820ee9364) Importer(815301076,1909f56bfc062723c751e8b465ee728b)  -> (artifact id: '23835df97fca7094cccb4bae521fc681') in 0.029553 seconds
Number of updated asset objects reloaded before import = 0
Number of asset objects unloaded after import = 7
========================================================================
Received Import Request.
  Time since last request: 0.000013 seconds.
  path: Assets/DuoDraconis Dungeon Set - Wizard Laboratory/Material/DS_WizLab_Clut_TestTubeStand.mat
  artifactKey: Guid(0054b7a4d2415544ebcffe440c45ef12) Importer(815301076,1909f56bfc062723c751e8b465ee728b)
Start importing Assets/DuoDraconis Dungeon Set - Wizard Laboratory/Material/DS_WizLab_Clut_TestTubeStand.mat using Guid(0054b7a4d2415544ebcffe440c45ef12) Importer(815301076,1909f56bfc062723c751e8b465ee728b)  -> (artifact id: '4fc3d4ddf09bcf828f2763c99e209d21') in 0.030954 seconds
Number of updated asset objects reloaded before import = 0
Number of asset objects unloaded after import = 7
========================================================================
Received Import Request.
  Time since last request: 0.000013 seconds.
  path: Assets/DuoDraconis Dungeon Set - Wizard Laboratory/Material/DS_WizLab_Arch_WindowA_Glass.mat
  artifactKey: Guid(42876d5350beb6b45865c64981bd0f65) Importer(815301076,1909f56bfc062723c751e8b465ee728b)
Start importing Assets/DuoDraconis Dungeon Set - Wizard Laboratory/Material/DS_WizLab_Arch_WindowA_Glass.mat using Guid(42876d5350beb6b45865c64981bd0f65) Importer(815301076,1909f56bfc062723c751e8b465ee728b)  -> (artifact id: '356d55f1e7d763ca523b4f79df4c3613') in 0.021931 seconds
Number of updated asset objects reloaded before import = 0
Number of asset objects unloaded after import = 7
========================================================================
Received Import Request.
  Time since last request: 0.000017 seconds.
  path: Assets/DuoDraconis Dungeon Set - Wizard Laboratory/Material/DS_WizLab_Arch_WindowD_Glass_00.mat
  artifactKey: Guid(59efd592f2e64e54887352f6b894bc4f) Importer(815301076,1909f56bfc062723c751e8b465ee728b)
Start importing Assets/DuoDraconis Dungeon Set - Wizard Laboratory/Material/DS_WizLab_Arch_WindowD_Glass_00.mat using Guid(59efd592f2e64e54887352f6b894bc4f) Importer(815301076,1909f56bfc062723c751e8b465ee728b)  -> (artifact id: '4ac5f462cf3feca0482b46bcb5b7d02d') in 0.023489 seconds
Number of updated asset objects reloaded before import = 0
Number of asset objects unloaded after import = 7
========================================================================
Received Import Request.
  Time since last request: 0.000023 seconds.
  path: Assets/DuoDraconis Dungeon Set - Wizard Laboratory/Material/DS_WizLab_Clut_ProbesHorns.mat
  artifactKey: Guid(d774ecc9ea607a64d8057098eef8004d) Importer(815301076,1909f56bfc062723c751e8b465ee728b)
Start importing Assets/DuoDraconis Dungeon Set - Wizard Laboratory/Material/DS_WizLab_Clut_ProbesHorns.mat using Guid(d774ecc9ea607a64d8057098eef8004d) Importer(815301076,1909f56bfc062723c751e8b465ee728b)  -> (artifact id: 'a0e8a233aa55fd4e359d7e0bf7b790b1') in 0.033885 seconds
Number of updated asset objects reloaded before import = 0
Number of asset objects unloaded after import = 7
========================================================================
Received Import Request.
  Time since last request: 0.000016 seconds.
  path: Assets/DuoDraconis Dungeon Set - Wizard Laboratory/Material/DS_WizLab_Arch_FloorK.mat
  artifactKey: Guid(2deb79da8c975714eb30614203db2f75) Importer(815301076,1909f56bfc062723c751e8b465ee728b)
Start importing Assets/DuoDraconis Dungeon Set - Wizard Laboratory/Material/DS_WizLab_Arch_FloorK.mat using Guid(2deb79da8c975714eb30614203db2f75) Importer(815301076,1909f56bfc062723c751e8b465ee728b)  -> (artifact id: '5747239ed1657a8511b63d1f0be6bff0') in 0.020393 seconds
Number of updated asset objects reloaded before import = 0
Number of asset objects unloaded after import = 7
========================================================================
Received Import Request.
  Time since last request: 0.000015 seconds.
  path: Assets/DuoDraconis Dungeon Set - Wizard Laboratory/Material/DS_WizLab_Arch_WindowC_Glass_01.mat
  artifactKey: Guid(30307730ccb55ab45b3fcf077fa6d94f) Importer(815301076,1909f56bfc062723c751e8b465ee728b)
Start importing Assets/DuoDraconis Dungeon Set - Wizard Laboratory/Material/DS_WizLab_Arch_WindowC_Glass_01.mat using Guid(30307730ccb55ab45b3fcf077fa6d94f) Importer(815301076,1909f56bfc062723c751e8b465ee728b)  -> (artifact id: '0e36ddf6b12769f8f5ed171da18dcb69') in 0.022242 seconds
Number of updated asset objects reloaded before import = 0
Number of asset objects unloaded after import = 7
========================================================================
Received Import Request.
  Time since last request: 0.000017 seconds.
  path: Assets/DuoDraconis Dungeon Set - Wizard Laboratory/Material/DS_WizLab_Arch_FloorI.mat
  artifactKey: Guid(c1917e31087b1f641bad23ec12f70d3f) Importer(815301076,1909f56bfc062723c751e8b465ee728b)
Start importing Assets/DuoDraconis Dungeon Set - Wizard Laboratory/Material/DS_WizLab_Arch_FloorI.mat using Guid(c1917e31087b1f641bad23ec12f70d3f) Importer(815301076,1909f56bfc062723c751e8b465ee728b)  -> (artifact id: '5ddbe5ca22baf9b4dc69d6655ef9da27') in 0.018807 seconds
Number of updated asset objects reloaded before import = 0
Number of asset objects unloaded after import = 7
========================================================================
Received Import Request.
  Time since last request: 0.000022 seconds.
  path: Assets/DuoDraconis Dungeon Set - Wizard Laboratory/Material/DS_WizLab_Arch_FloorH.mat
  artifactKey: Guid(d35a9c2576f625c4bb30998584ede8d3) Importer(815301076,1909f56bfc062723c751e8b465ee728b)
Start importing Assets/DuoDraconis Dungeon Set - Wizard Laboratory/Material/DS_WizLab_Arch_FloorH.mat using Guid(d35a9c2576f625c4bb30998584ede8d3) Importer(815301076,1909f56bfc062723c751e8b465ee728b)  -> (artifact id: 'a7278a6d059cfadf04f5f3d09cd670eb') in 0.018680 seconds
Number of updated asset objects reloaded before import = 0
Number of asset objects unloaded after import = 7
========================================================================
Received Import Request.
  Time since last request: 0.000022 seconds.
  path: Assets/DuoDraconis Dungeon Set - Wizard Laboratory/Material/DS_WizLab_Arch_WindowD_Glass_01.mat
  artifactKey: Guid(5d345a94b68570343a61ac7eebde204f) Importer(815301076,1909f56bfc062723c751e8b465ee728b)
Start importing Assets/DuoDraconis Dungeon Set - Wizard Laboratory/Material/DS_WizLab_Arch_WindowD_Glass_01.mat using Guid(5d345a94b68570343a61ac7eebde204f) Importer(815301076,1909f56bfc062723c751e8b465ee728b)  -> (artifact id: '175df39aa89eee25a6deb838e5598154') in 0.021995 seconds
Number of updated asset objects reloaded before import = 0
Number of asset objects unloaded after import = 7
========================================================================
Received Import Request.
  Time since last request: 0.000015 seconds.
  path: Assets/DuoDraconis Dungeon Set - Wizard Laboratory/Material/DS_WizLab_Furn_DeskChair.mat
  artifactKey: Guid(3d4b738c2d4cf2d419926d0cc7d4f4f4) Importer(815301076,1909f56bfc062723c751e8b465ee728b)
Start importing Assets/DuoDraconis Dungeon Set - Wizard Laboratory/Material/DS_WizLab_Furn_DeskChair.mat using Guid(3d4b738c2d4cf2d419926d0cc7d4f4f4) Importer(815301076,1909f56bfc062723c751e8b465ee728b)  -> (artifact id: '94dc136a3bf8e8cc5f9580d74a815ca3') in 0.034527 seconds
Number of updated asset objects reloaded before import = 0
Number of asset objects unloaded after import = 7
========================================================================
Received Import Request.
  Time since last request: 0.000016 seconds.
  path: Assets/DuoDraconis Dungeon Set - Wizard Laboratory/Material/DS_WizLab_Clut_ProbesIngot_00.mat
  artifactKey: Guid(4bc732b68fcd08946aa4d676feda5d0a) Importer(815301076,1909f56bfc062723c751e8b465ee728b)
Start importing Assets/DuoDraconis Dungeon Set - Wizard Laboratory/Material/DS_WizLab_Clut_ProbesIngot_00.mat using Guid(4bc732b68fcd08946aa4d676feda5d0a) Importer(815301076,1909f56bfc062723c751e8b465ee728b)  -> (artifact id: '02bd40c63ccd008ef8efe70110739c7d') in 0.027888 seconds
Number of updated asset objects reloaded before import = 0
Number of asset objects unloaded after import = 7
========================================================================
Received Import Request.
  Time since last request: 0.000014 seconds.
  path: Assets/DuoDraconis Dungeon Set - Wizard Laboratory/Material/DS_WizLab_Furn_Table.mat
  artifactKey: Guid(4da1ebeaf38500a4cb264de6f329da72) Importer(815301076,1909f56bfc062723c751e8b465ee728b)
Start importing Assets/DuoDraconis Dungeon Set - Wizard Laboratory/Material/DS_WizLab_Furn_Table.mat using Guid(4da1ebeaf38500a4cb264de6f329da72) Importer(815301076,1909f56bfc062723c751e8b465ee728b)  -> (artifact id: 'dd25aa3feaeebf2f5ff3a01d51164a6e') in 0.060888 seconds
Number of updated asset objects reloaded before import = 0
Number of asset objects unloaded after import = 7
Editor requested this worker to shutdown with reason: Scaling down because of idle timeout
TcpMessagingSession - receive error: operation aborted. errorcode: 995, details: The I/O operation has been aborted because of either a thread exit or an application request.
AssetImportWorker is now disconnected from the server
Process exiting
Exiting without the bug reporter. Application will terminate with return code 0