Using pre-set license
Built from '2022.3/release' branch; Version is '2022.3.18f1 (d29bea25151d) revision 13802474'; Using compiler version '192829333'; Build Type 'Release'
OS: 'Windows 11  (10.0.22631) 64bit Core' Language: 'en' Physical Memory: 32682 MB
BatchMode: 1, IsHumanControllingUs: 0, StartBugReporterOnCrash: 0, Is64bit: 1, IsPro: 1

COMMAND LINE ARGUMENTS:
C:\Program Files\Unity\Hub\Editor\2022.3.18f1\Editor\Unity.exe
-adb2
-batchMode
-noUpm
-name
AssetImportWorker6
-projectPath
C:/Users/Rose/OneDrive/Desktop/Coding/GitHub/CS465_OrdwayR/RosysWizards465
-logFile
Logs/AssetImportWorker6.log
-srvPort
55036
Successfully changed project path to: C:/Users/Rose/OneDrive/Desktop/Coding/GitHub/CS465_OrdwayR/RosysWizards465
C:/Users/Rose/OneDrive/Desktop/Coding/GitHub/CS465_OrdwayR/RosysWizards465
[UnityMemory] Configuration Parameters - Can be set up in boot.config
    "memorysetup-bucket-allocator-granularity=16"
    "memorysetup-bucket-allocator-bucket-count=8"
    "memorysetup-bucket-allocator-block-size=33554432"
    "memorysetup-bucket-allocator-block-count=8"
    "memorysetup-main-allocator-block-size=16777216"
    "memorysetup-thread-allocator-block-size=16777216"
    "memorysetup-gfx-main-allocator-block-size=16777216"
    "memorysetup-gfx-thread-allocator-block-size=16777216"
    "memorysetup-cache-allocator-block-size=4194304"
    "memorysetup-typetree-allocator-block-size=2097152"
    "memorysetup-profiler-bucket-allocator-granularity=16"
    "memorysetup-profiler-bucket-allocator-bucket-count=8"
    "memorysetup-profiler-bucket-allocator-block-size=33554432"
    "memorysetup-profiler-bucket-allocator-block-count=8"
    "memorysetup-profiler-allocator-block-size=16777216"
    "memorysetup-profiler-editor-allocator-block-size=1048576"
    "memorysetup-temp-allocator-size-main=16777216"
    "memorysetup-job-temp-allocator-block-size=2097152"
    "memorysetup-job-temp-allocator-block-size-background=1048576"
    "memorysetup-job-temp-allocator-reduction-small-platforms=262144"
    "memorysetup-allocator-temp-initial-block-size-main=262144"
    "memorysetup-allocator-temp-initial-block-size-worker=262144"
    "memorysetup-temp-allocator-size-background-worker=32768"
    "memorysetup-temp-allocator-size-job-worker=262144"
    "memorysetup-temp-allocator-size-preload-manager=33554432"
    "memorysetup-temp-allocator-size-nav-mesh-worker=65536"
    "memorysetup-temp-allocator-size-audio-worker=65536"
    "memorysetup-temp-allocator-size-cloud-worker=32768"
    "memorysetup-temp-allocator-size-gi-baking-worker=262144"
    "memorysetup-temp-allocator-size-gfx=262144"
Player connection [59084] Host "[IP] 10.0.0.179 [Port] 0 [Flags] 2 [Guid] 2365763444 [EditorId] 2365763444 [Version] 1048832 [Id] WindowsEditor(7,Rosy) [Debug] 1 [PackageName] WindowsEditor [ProjectName] Editor" joined multi-casting on [225.0.0.222:54997]...

Player connection [59084] Host "[IP] 10.0.0.179 [Port] 0 [Flags] 2 [Guid] 2365763444 [EditorId] 2365763444 [Version] 1048832 [Id] WindowsEditor(7,Rosy) [Debug] 1 [PackageName] WindowsEditor [ProjectName] Editor" joined alternative multi-casting on [225.0.0.222:34997]...

[Physics::Module] Initialized MultithreadedJobDispatcher with 15 workers.
Refreshing native plugins compatible for Editor in 76.44 ms, found 13 plugins.
Preloading 0 native plugins for Editor in 0.00 ms.
Initialize engine version: 2022.3.18f1 (d29bea25151d)
[Subsystems] Discovering subsystems at path C:/Program Files/Unity/Hub/Editor/2022.3.18f1/Editor/Data/Resources/UnitySubsystems
[Subsystems] Discovering subsystems at path C:/Users/Rose/OneDrive/Desktop/Coding/GitHub/CS465_OrdwayR/RosysWizards465/Assets
GfxDevice: creating device client; threaded=0; jobified=0
Direct3D:
    Version:  Direct3D 11.0 [level 11.1]
    Renderer: NVIDIA GeForce RTX 3080 Ti (ID=0x2208)
    Vendor:   NVIDIA
    VRAM:     12086 MB
    Driver:   32.0.15.6636
Shader 'Oculus/OVRMRCameraFrameLit': fallback shader 'Alpha-Diffuse' not found
Initialize mono
Mono path[0] = 'C:/Program Files/Unity/Hub/Editor/2022.3.18f1/Editor/Data/Managed'
Mono path[1] = 'C:/Program Files/Unity/Hub/Editor/2022.3.18f1/Editor/Data/MonoBleedingEdge/lib/mono/unityjit-win32'
Mono config path = 'C:/Program Files/Unity/Hub/Editor/2022.3.18f1/Editor/Data/MonoBleedingEdge/etc'
Using monoOptions --debugger-agent=transport=dt_socket,embedding=1,server=y,suspend=n,address=127.0.0.1:56060
Begin MonoManager ReloadAssembly
Registering precompiled unity dll's ...
Register platform support module: C:/Program Files/Unity/Hub/Editor/2022.3.18f1/Editor/Data/PlaybackEngines/WebGLSupport/UnityEditor.WebGL.Extensions.dll
Register platform support module: C:/Program Files/Unity/Hub/Editor/2022.3.18f1/Editor/Data/PlaybackEngines/AndroidPlayer/UnityEditor.Android.Extensions.dll
Register platform support module: C:/Program Files/Unity/Hub/Editor/2022.3.18f1/Editor/Data/PlaybackEngines/WindowsStandaloneSupport/UnityEditor.WindowsStandalone.Extensions.dll
Registered in 0.010062 seconds.
- Loaded All Assemblies, in  0.272 seconds
Native extension for WindowsStandalone target not found
Native extension for Android target not found
Android Extension - Scanning For ADB Devices 215 ms
Native extension for WebGL target not found
Mono: successfully reloaded assembly
- Finished resetting the current domain, in  0.483 seconds
Domain Reload Profiling: 754ms
	BeginReloadAssembly (84ms)
		ExecutionOrderSort (0ms)
		DisableScriptedObjects (0ms)
		BackupInstance (0ms)
		ReleaseScriptingObjects (0ms)
		CreateAndSetChildDomain (1ms)
	RebuildCommonClasses (24ms)
	RebuildNativeTypeToScriptingClass (8ms)
	initialDomainReloadingComplete (50ms)
	LoadAllAssembliesAndSetupDomain (104ms)
		LoadAssemblies (83ms)
		RebuildTransferFunctionScriptingTraits (0ms)
		AnalyzeDomain (102ms)
			TypeCache.Refresh (101ms)
				TypeCache.ScanAssembly (92ms)
			ScanForSourceGeneratedMonoScriptInfo (0ms)
			ResolveRequiredComponents (0ms)
	FinalizeReload (484ms)
		ReleaseScriptCaches (0ms)
		RebuildScriptCaches (0ms)
		SetupLoadedEditorAssemblies (443ms)
			LogAssemblyErrors (0ms)
			InitializePlatformSupportModulesInManaged (320ms)
			SetLoadedEditorAssemblies (3ms)
			RefreshPlugins (0ms)
			BeforeProcessingInitializeOnLoad (2ms)
			ProcessInitializeOnLoadAttributes (83ms)
			ProcessInitializeOnLoadMethodAttributes (35ms)
			AfterProcessingInitializeOnLoad (0ms)
			EditorAssembliesLoaded (0ms)
		ExecutionOrderSort2 (0ms)
		AwakeInstancesAfterBackupRestoration (0ms)
========================================================================
Worker process is ready to serve import requests
Begin MonoManager ReloadAssembly
Symbol file LoadedFromMemory is not a mono symbol file
- Loaded All Assemblies, in  0.784 seconds
Refreshing native plugins compatible for Editor in 56.19 ms, found 13 plugins.
Native extension for WindowsStandalone target not found
Native extension for Android target not found
Native extension for WebGL target not found
Package Manager log level set to [2]
[Package Manager] Server::EnsureServerProcessIsRunning -- launch failed, reason: Unity was launched with the -noUpm command-line argument
[Package Manager] UpmClient::Send -- Unable to send message (not connected to UPM process).
[Package Manager] Cannot connect to Unity Package Manager local server
[Package Manager] Server::EnsureServerProcessIsRunning -- launch failed, reason: Unity was launched with the -noUpm command-line argument
[Package Manager] UpmClient::Send -- Unable to send message (not connected to UPM process).
[Package Manager] Cannot connect to Unity Package Manager local server
[Package Manager] Server::EnsureServerProcessIsRunning -- launch failed, reason: Unity was launched with the -noUpm command-line argument
[Package Manager] UpmClient::Send -- Unable to send message (not connected to UPM process).
[Package Manager] Cannot connect to Unity Package Manager local server
System.Reflection.TargetInvocationException: Exception has been thrown by the target of an invocation. ---> System.TypeInitializationException: The type initializer for 'UnityEditor.XR.Interaction.Toolkit.Samples.Hands.Editor.HandsSampleProjectValidation' threw an exception. ---> System.NullReferenceException: Object reference not set to an instance of an object
  at Unity.XR.CoreUtils.Editor.PackageVersionUtility.UpdatePackageVersions () [0x00034] in .\Library\PackageCache\com.unity.xr.core-utils@2.2.3\Editor\ProjectValidation\PackageVersionUtility.cs:46 
  at Unity.XR.CoreUtils.Editor.PackageVersionUtility.GetPackageVersion (System.String packageName) [0x00011] in .\Library\PackageCache\com.unity.xr.core-utils@2.2.3\Editor\ProjectValidation\PackageVersionUtility.cs:67 
  at UnityEditor.XR.Interaction.Toolkit.Samples.Hands.Editor.HandsSampleProjectValidation..cctor () [0x00041] in C:\Users\Rose\OneDrive\Desktop\Coding\GitHub\CS465_OrdwayR\RosysWizards465\Assets\Samples\XR Interaction Toolkit\3.0.7\Hands Interaction Demo\Editor\Scripts\HandsSampleProjectValidation.cs:34 
   --- End of inner exception stack trace ---
  at (wrapper managed-to-native) System.Object.__icall_wrapper_mono_gc_wbarrier_generic_nostore_internal(intptr)
  at (wrapper write-barrier) System.Object.wbarrier_conc(intptr)
  at (wrapper managed-to-native) System.Reflection.RuntimeMethodInfo.InternalInvoke(System.Reflection.RuntimeMethodInfo,object,object[],System.Exception&)
  at System.Reflection.RuntimeMethodInfo.Invoke (System.Object obj, System.Reflection.BindingFlags invokeAttr, System.Reflection.Binder binder, System.Object[] parameters, System.Globalization.CultureInfo culture) [0x0006a] in <bfbc89a04b6b4dd49c3614d03fc31ce8>:0 
   --- End of inner exception stack trace ---
  at System.Reflection.RuntimeMethodInfo.Invoke (System.Object obj, System.Reflection.BindingFlags invokeAttr, System.Reflection.Binder binder, System.Object[] parameters, System.Globalization.CultureInfo culture) [0x00083] in <bfbc89a04b6b4dd49c3614d03fc31ce8>:0 
  at System.Reflection.MethodBase.Invoke (System.Object obj, System.Object[] parameters) [0x00000] in <bfbc89a04b6b4dd49c3614d03fc31ce8>:0 
  at UnityEditor.EditorAssemblies.ProcessInitializeOnLoadMethodAttributes () [0x000a5] in <8e887700cd7e4674989da7b046e8eaa6>:0 
UnityEngine.StackTraceUtility:ExtractStackTrace ()
UnityEngine.DebugLogHandler:LogFormat (UnityEngine.LogType,UnityEngine.Object,string,object[])
UnityEngine.Logger:Log (UnityEngine.LogType,object)
UnityEngine.Debug:LogError (object)
UnityEditor.EditorAssemblies:ProcessInitializeOnLoadMethodAttributes ()

Mono: successfully reloaded assembly
[Package Manager] Server::EnsureServerProcessIsRunning -- launch failed, reason: Unity was launched with the -noUpm command-line argument
[Package Manager] UpmClient::Send -- Unable to send message (not connected to UPM process).
[Package Manager] Cannot connect to Unity Package Manager local server
[Package Manager] Server::EnsureServerProcessIsRunning -- launch failed, reason: Unity was launched with the -noUpm command-line argument
[Package Manager] UpmClient::Send -- Unable to send message (not connected to UPM process).
[Package Manager] Cannot connect to Unity Package Manager local server
- Finished resetting the current domain, in  1.117 seconds
Domain Reload Profiling: 1892ms
	BeginReloadAssembly (113ms)
		ExecutionOrderSort (0ms)
		DisableScriptedObjects (4ms)
		BackupInstance (0ms)
		ReleaseScriptingObjects (0ms)
		CreateAndSetChildDomain (16ms)
	RebuildCommonClasses (25ms)
	RebuildNativeTypeToScriptingClass (7ms)
	initialDomainReloadingComplete (37ms)
	LoadAllAssembliesAndSetupDomain (592ms)
		LoadAssemblies (375ms)
		RebuildTransferFunctionScriptingTraits (0ms)
		AnalyzeDomain (285ms)
			TypeCache.Refresh (224ms)
				TypeCache.ScanAssembly (205ms)
			ScanForSourceGeneratedMonoScriptInfo (39ms)
			ResolveRequiredComponents (20ms)
	FinalizeReload (1117ms)
		ReleaseScriptCaches (0ms)
		RebuildScriptCaches (0ms)
		SetupLoadedEditorAssemblies (918ms)
			LogAssemblyErrors (0ms)
			InitializePlatformSupportModulesInManaged (24ms)
			SetLoadedEditorAssemblies (5ms)
			RefreshPlugins (0ms)
			BeforeProcessingInitializeOnLoad (107ms)
			ProcessInitializeOnLoadAttributes (710ms)
			ProcessInitializeOnLoadMethodAttributes (66ms)
			AfterProcessingInitializeOnLoad (7ms)
			EditorAssembliesLoaded (0ms)
		ExecutionOrderSort2 (0ms)
		AwakeInstancesAfterBackupRestoration (5ms)
Shader 'Oculus/OVRMRCameraFrameLit': fallback shader 'Alpha-Diffuse' not found
Launched and connected shader compiler UnityShaderCompiler.exe after 0.04 seconds
Refreshing native plugins compatible for Editor in 57.79 ms, found 13 plugins.
Preloading 0 native plugins for Editor in 0.00 ms.
Unloading 10264 Unused Serialized files (Serialized files now loaded: 0)
Unloading 322 unused Assets / (16.1 MB). Loaded Objects now: 10604.
Memory consumption went from 452.4 MB to 436.3 MB.
Total: 9.845700 ms (FindLiveObjects: 0.940600 ms CreateObjectMapping: 0.468900 ms MarkObjects: 5.433700 ms  DeleteObjects: 3.002100 ms)

AssetImportParameters requested are different than current active one (requested -> active):
  custom:container-demuxer-ogg: 62fdf1f143b41e24485cea50d1cbac27 -> 
  custom:framework-win-MediaFoundation: 216162199b28c13a410421893ffa2e32 -> 
  custom:container-muxer-webm: aa71ff27fc2769a1b78a27578f13a17b -> 
  custom:video-decoder-webm-vp8: 9c59270c3fd7afecdb556c50c9e8de78 -> 
  custom:SearchIndexIgnoredProperties: e643bd26f0fe6173181afceb89e7c659 -> 
  custom:AudioImporter_EditorPlatform: d09bf68614088b80899f8185d706f6e7 -> 
  custom:audio-decoder-ogg-vorbis: bf7c407c2cedff20999df2af8eb42d56 -> 
  custom:audio-encoder-webm-vorbis: bf7c407c2cedff20999df2af8eb42d56 -> 
  custom:video-codec-MediaFoundation-h265: 746d11721c4dcdbdad8f713fa42b33f4 -> 
  custom:video-decoder-ogg-theora: a1e56fd34408186e4bbccfd4996cb3dc -> 
  custom:scripting/monoscript/fileName/NewBehaviourScript.cs: b21687ddb03d73bd9f0c1daecb9714de -> 
  custom:scripting/monoscript/fileName/GlyphSelectorEditor.cs: 0cfaccb3306f616bc4998f4a632ad191 -> 8509361ee3049010c6f6b63e3a08393b
  custom:CustomObjectIndexerAttribute: 62b5816608c3102f162a1797e29626cf -> 
  custom:container-demuxer-webm: 4f35f7cbe854078d1ac9338744f61a02 -> 
  custom:scripting/monoscript/fileName/BoardUI.cs: eafcb531c507bef3f2ee1a4f3b9822f0 -> a48d98349acd1013777de60a01490d0b
  custom:video-encoder-webm-vp8: eb34c28f22e8b96e1ab97ce403110664 -> 
========================================================================
Received Import Request.
  Time since last request: 220918.537730 seconds.
  path: Assets/Images/Controller Icons/Shaders/Shader Graphs_FirstShader 1.mat
  artifactKey: Guid(10bc336b69f29aa4badc33f8aa1726d2) Importer(815301076,1909f56bfc062723c751e8b465ee728b)
Start importing Assets/Images/Controller Icons/Shaders/Shader Graphs_FirstShader 1.mat using Guid(10bc336b69f29aa4badc33f8aa1726d2) Importer(815301076,1909f56bfc062723c751e8b465ee728b)  -> (artifact id: 'e0dace6545e43cebf2fa61e6d403340f') in 0.420188 seconds
Number of updated asset objects reloaded before import = 0
Number of asset objects unloaded after import = 210
========================================================================
Received Import Request.
  Time since last request: 40.988193 seconds.
  path: Assets/Images/Controller Icons/Sprites/button-x-pressed.png
  artifactKey: Guid(54b617b09b8960b47b951e1a6f7e00c8) Importer(815301076,1909f56bfc062723c751e8b465ee728b)
Start importing Assets/Images/Controller Icons/Sprites/button-x-pressed.png using Guid(54b617b09b8960b47b951e1a6f7e00c8) Importer(815301076,1909f56bfc062723c751e8b465ee728b)  -> (artifact id: 'b3fe36515ec7b9860bd910873ec999e6') in 0.026934 seconds
Number of updated asset objects reloaded before import = 0
Number of asset objects unloaded after import = 2
========================================================================
Received Import Request.
  Time since last request: 0.000016 seconds.
  path: Assets/Images/Controller Icons/Sprites/grip-right-pressed.png
  artifactKey: Guid(9370f6ef3897e1d4cbd72c01ec4c758a) Importer(815301076,1909f56bfc062723c751e8b465ee728b)
Start importing Assets/Images/Controller Icons/Sprites/grip-right-pressed.png using Guid(9370f6ef3897e1d4cbd72c01ec4c758a) Importer(815301076,1909f56bfc062723c751e8b465ee728b)  -> (artifact id: '49a6c3452d097041e8ab6e353c297e9e') in 0.014583 seconds
Number of updated asset objects reloaded before import = 0
Number of asset objects unloaded after import = 2
========================================================================
Received Import Request.
  Time since last request: 0.000019 seconds.
  path: Assets/Images/Controller Icons/Sprites/grip-left-pressed.png
  artifactKey: Guid(154ce96f53a74b94093aec912df6554e) Importer(815301076,1909f56bfc062723c751e8b465ee728b)
Start importing Assets/Images/Controller Icons/Sprites/grip-left-pressed.png using Guid(154ce96f53a74b94093aec912df6554e) Importer(815301076,1909f56bfc062723c751e8b465ee728b)  -> (artifact id: '8db2955f80123c0f980303d8c04302ac') in 0.012574 seconds
Number of updated asset objects reloaded before import = 0
Number of asset objects unloaded after import = 2
========================================================================
Received Import Request.
  Time since last request: 381.958282 seconds.
  path: Assets/Images/Controller Icons/Base Images/button-b.png
  artifactKey: Guid(53b847119d269fa4787d2c84dd57d122) Importer(815301076,1909f56bfc062723c751e8b465ee728b)
Start importing Assets/Images/Controller Icons/Base Images/button-b.png using Guid(53b847119d269fa4787d2c84dd57d122) Importer(815301076,1909f56bfc062723c751e8b465ee728b)  -> (artifact id: '3f8a7198e713f02c4027e90351afa027') in 0.018753 seconds
Number of updated asset objects reloaded before import = 0
Number of asset objects unloaded after import = 2
========================================================================
Received Import Request.
  Time since last request: 0.000035 seconds.
  path: Assets/Images/Controller Icons/Base Images/button-y.png
  artifactKey: Guid(7427fd578f56d08418396f8ae014ae33) Importer(815301076,1909f56bfc062723c751e8b465ee728b)
Start importing Assets/Images/Controller Icons/Base Images/button-y.png using Guid(7427fd578f56d08418396f8ae014ae33) Importer(815301076,1909f56bfc062723c751e8b465ee728b)  -> (artifact id: 'd7ff53ade5bb90aa3856e6f0d48a3386') in 0.026050 seconds
Number of updated asset objects reloaded before import = 0
Number of asset objects unloaded after import = 2
========================================================================
Received Import Request.
  Time since last request: 0.000023 seconds.
  path: Assets/Images/Controller Icons/Base Images/grip-right.png
  artifactKey: Guid(a21d1f748efc2c74d97af2e8a0cd261e) Importer(815301076,1909f56bfc062723c751e8b465ee728b)
Start importing Assets/Images/Controller Icons/Base Images/grip-right.png using Guid(a21d1f748efc2c74d97af2e8a0cd261e) Importer(815301076,1909f56bfc062723c751e8b465ee728b)  -> (artifact id: 'a2f355a4e5e0d6576b1ea22657046e76') in 0.016569 seconds
Number of updated asset objects reloaded before import = 0
Number of asset objects unloaded after import = 2
========================================================================
Received Import Request.
  Time since last request: 0.000012 seconds.
  path: Assets/Images/Controller Icons/Base Images/trigger-left.png
  artifactKey: Guid(ed7cb8d3428729946bc87eaddf41a576) Importer(815301076,1909f56bfc062723c751e8b465ee728b)
Start importing Assets/Images/Controller Icons/Base Images/trigger-left.png using Guid(ed7cb8d3428729946bc87eaddf41a576) Importer(815301076,1909f56bfc062723c751e8b465ee728b)  -> (artifact id: '61341cbc28984e22556df05c38079fd1') in 0.014486 seconds
Number of updated asset objects reloaded before import = 0
Number of asset objects unloaded after import = 2
========================================================================
Received Import Request.
  Time since last request: 0.000014 seconds.
  path: Assets/Images/Controller Icons/Base Images/grip-left.png
  artifactKey: Guid(4df10d29780b7bf4b8e48aaa06b7b830) Importer(815301076,1909f56bfc062723c751e8b465ee728b)
Start importing Assets/Images/Controller Icons/Base Images/grip-left.png using Guid(4df10d29780b7bf4b8e48aaa06b7b830) Importer(815301076,1909f56bfc062723c751e8b465ee728b)  -> (artifact id: '6ebfd07a3d95ed5661f36cfd098261c9') in 0.014375 seconds
Number of updated asset objects reloaded before import = 0
Number of asset objects unloaded after import = 2
========================================================================
Received Import Request.
  Time since last request: 6.945881 seconds.
  path: Assets/Images/Controller Icons/Sprites/button-b-pressed.png
  artifactKey: Guid(7a8a39015ab66164e80c78a1ceaece22) Importer(815301076,1909f56bfc062723c751e8b465ee728b)
Start importing Assets/Images/Controller Icons/Sprites/button-b-pressed.png using Guid(7a8a39015ab66164e80c78a1ceaece22) Importer(815301076,1909f56bfc062723c751e8b465ee728b)  -> (artifact id: '4a789aac73cf94643a62ba44077ed132') in 0.027748 seconds
Number of updated asset objects reloaded before import = 0
Number of asset objects unloaded after import = 3
========================================================================
Received Import Request.
  Time since last request: 0.000017 seconds.
  path: Assets/Images/Controller Icons/Sprites/trigger-left-pressed.png
  artifactKey: Guid(f93401c4fef05ed489bc01e9c9dd7cfd) Importer(815301076,1909f56bfc062723c751e8b465ee728b)
Start importing Assets/Images/Controller Icons/Sprites/trigger-left-pressed.png using Guid(f93401c4fef05ed489bc01e9c9dd7cfd) Importer(815301076,1909f56bfc062723c751e8b465ee728b)  -> (artifact id: '927b77fb75689f8503ba26ecd61a1dfe') in 0.018693 seconds
Number of updated asset objects reloaded before import = 0
Number of asset objects unloaded after import = 3
========================================================================
Received Import Request.
  Time since last request: 0.000017 seconds.
  path: Assets/Images/Controller Icons/Sprites/trigger-right-pressed.png
  artifactKey: Guid(e600880dff2b25c4d804478c8fc60883) Importer(815301076,1909f56bfc062723c751e8b465ee728b)
Start importing Assets/Images/Controller Icons/Sprites/trigger-right-pressed.png using Guid(e600880dff2b25c4d804478c8fc60883) Importer(815301076,1909f56bfc062723c751e8b465ee728b)  -> (artifact id: '0cb176dbad0d73c0e0c24bb6518d7448') in 0.017336 seconds
Number of updated asset objects reloaded before import = 0
Number of asset objects unloaded after import = 3
========================================================================
Received Import Request.
  Time since last request: 0.000015 seconds.
  path: Assets/Images/Controller Icons/Sprites/grip-left-pressed.png
  artifactKey: Guid(154ce96f53a74b94093aec912df6554e) Importer(815301076,1909f56bfc062723c751e8b465ee728b)
Start importing Assets/Images/Controller Icons/Sprites/grip-left-pressed.png using Guid(154ce96f53a74b94093aec912df6554e) Importer(815301076,1909f56bfc062723c751e8b465ee728b)  -> (artifact id: '925ea6dec44f0f543007d44b3793c59c') in 0.018160 seconds
Number of updated asset objects reloaded before import = 0
Number of asset objects unloaded after import = 3
========================================================================
Received Import Request.
  Time since last request: 3.123980 seconds.
  path: Assets/Images/Controller Icons/Sprites/button-b.png
  artifactKey: Guid(22de9603bc2770b458972c8efed1f2de) Importer(815301076,1909f56bfc062723c751e8b465ee728b)
Start importing Assets/Images/Controller Icons/Sprites/button-b.png using Guid(22de9603bc2770b458972c8efed1f2de) Importer(815301076,1909f56bfc062723c751e8b465ee728b)  -> (artifact id: 'ec75cb547449c3c9a6d2fabfb0a2d3b1') in 0.011840 seconds
Number of updated asset objects reloaded before import = 0
Number of asset objects unloaded after import = 2
========================================================================
Received Import Request.
  Time since last request: 0.000012 seconds.
  path: Assets/Images/Controller Icons/Sprites/grip-right.png
  artifactKey: Guid(4e74f136711adde47a8202ebe22014d6) Importer(815301076,1909f56bfc062723c751e8b465ee728b)
Start importing Assets/Images/Controller Icons/Sprites/grip-right.png using Guid(4e74f136711adde47a8202ebe22014d6) Importer(815301076,1909f56bfc062723c751e8b465ee728b)  -> (artifact id: '52fed6fcaf4af80952ad0b30df7bd01b') in 0.011666 seconds
Number of updated asset objects reloaded before import = 0
Number of asset objects unloaded after import = 2
========================================================================
Received Import Request.
  Time since last request: 0.000012 seconds.
  path: Assets/Images/Controller Icons/Sprites/trigger-left.png
  artifactKey: Guid(296948ebb964a3a4f862ee4e5c24943d) Importer(815301076,1909f56bfc062723c751e8b465ee728b)
Start importing Assets/Images/Controller Icons/Sprites/trigger-left.png using Guid(296948ebb964a3a4f862ee4e5c24943d) Importer(815301076,1909f56bfc062723c751e8b465ee728b)  -> (artifact id: '0e2bc7f5e1c7d3857caf3c050d5d59eb') in 0.013027 seconds
Number of updated asset objects reloaded before import = 0
Number of asset objects unloaded after import = 2
========================================================================
Received Import Request.
  Time since last request: 8.140869 seconds.
  path: Assets/Images/Controller Icons/Sprites/button-b.png
  artifactKey: Guid(22de9603bc2770b458972c8efed1f2de) Importer(815301076,1909f56bfc062723c751e8b465ee728b)
Start importing Assets/Images/Controller Icons/Sprites/button-b.png using Guid(22de9603bc2770b458972c8efed1f2de) Importer(815301076,1909f56bfc062723c751e8b465ee728b)  -> (artifact id: '51f2df0ee6983e0c930f86a3e6c2a691') in 0.013331 seconds
Number of updated asset objects reloaded before import = 0
Number of asset objects unloaded after import = 2
========================================================================
Received Import Request.
  Time since last request: 0.000015 seconds.
  path: Assets/Images/Controller Icons/Sprites/grip-right.png
  artifactKey: Guid(4e74f136711adde47a8202ebe22014d6) Importer(815301076,1909f56bfc062723c751e8b465ee728b)
Start importing Assets/Images/Controller Icons/Sprites/grip-right.png using Guid(4e74f136711adde47a8202ebe22014d6) Importer(815301076,1909f56bfc062723c751e8b465ee728b)  -> (artifact id: 'c71932dde0ce400524edfdea6ccc6ae7') in 0.012052 seconds
Number of updated asset objects reloaded before import = 0
Number of asset objects unloaded after import = 2
Editor requested this worker to shutdown with reason: Scaling down because of idle timeout
TcpMessagingSession - receive error: operation aborted. errorcode: 995, details: The I/O operation has been aborted because of either a thread exit or an application request.
AssetImportWorker is now disconnected from the server
Process exiting
Exiting without the bug reporter. Application will terminate with return code 0